Command line: /home/bfj994/miniconda3/envs/denovo/bin/spades.py	-s	/projects/wintherpedersen/people/bfj994/keelime/data/PBHigh_fin_5000.fq.gz	-o	/maps/projects/wintherpedersen/people/bfj994/keelime/sim/PBHigh_fin_5000_spades2	-k	21	

System information:
  SPAdes version: 4.2.0
  Python version: 3.13.3
  OS: Linux-4.18.0-553.40.1.el8_10.x86_64-x86_64-with-glibc2.28

Output dir: /maps/projects/wintherpedersen/people/bfj994/keelime/sim/PBHigh_fin_5000_spades2
Mode: read error correction and assembling
Debug mode is turned OFF

Dataset parameters:
  Standard mode
  For multi-cell/isolate data we recommend to use '--isolate' option; for single-cell MDA data use '--sc'; for metagenomic data use '--meta'; for RNA-Seq use '--rna'.
  Reads:
    Library number: 1, library type: single
      left reads: not specified
      right reads: not specified
      interlaced reads: not specified
      single reads: ['/projects/wintherpedersen/people/bfj994/keelime/data/PBHigh_fin_5000.fq.gz']
      merged reads: not specified
Read error correction parameters:
  Iterations: 1
  PHRED offset will be auto-detected
  Corrected reads will be compressed
Assembly parameters:
  k: [21]
  Repeat resolution is enabled
  Mismatch careful mode is turned OFF
  MismatchCorrector will be SKIPPED
  Coverage cutoff is turned OFF
  Assembly graph output will use GFA v1.2 format
Other parameters:
  Dir for temp files: /maps/projects/wintherpedersen/people/bfj994/keelime/sim/PBHigh_fin_5000_spades2/tmp
  Threads: 16
  Memory limit (in Gb): 250


======= SPAdes pipeline started. Log can be found here: /maps/projects/wintherpedersen/people/bfj994/keelime/sim/PBHigh_fin_5000_spades2/spades.log

/projects/wintherpedersen/people/bfj994/keelime/data/PBHigh_fin_5000.fq.gz: max reads length: 141

Reads length: 141


===== Before start started. 


===== Read error correction started. 


===== Read error correction started. 


== Running: /home/bfj994/miniconda3/envs/denovo/bin/spades-hammer /maps/projects/wintherpedersen/people/bfj994/keelime/sim/PBHigh_fin_5000_spades2/corrected/configs/config.info

  0:00:00.000     1M / 19M   INFO    General                 (main.cpp                  :  76)   Starting BayesHammer, built from N/A, git revision N/A
  0:00:00.056     1M / 19M   INFO    General                 (main.cpp                  :  77)   Loading config from "/maps/projects/wintherpedersen/people/bfj994/keelime/sim/PBHigh_fin_5000_spades2/corrected/configs/config.info"
  0:00:00.107     1M / 19M   INFO    General                 (main.cpp                  :  79)   Maximum # of threads to use (adjusted due to OMP capabilities): 16
  0:00:00.108     1M / 19M   INFO    General                 (memory_limit.cpp          :  55)   Memory limit set to 250 Gb
  0:00:00.108     1M / 19M   INFO    General                 (main.cpp                  :  87)   Trying to determine PHRED offset
  0:00:00.109     1M / 19M   INFO    General                 (main.cpp                  :  93)   Determined value is 64
  0:00:00.114     1M / 19M   INFO    General                 (hammer_tools.cpp          :  40)   Hamming graph threshold tau=1, k=21, subkmer positions = [ 0 10 ]
  0:00:00.114     1M / 19M   INFO    General                 (main.cpp                  : 114)   Size of aux. kmer data 24 bytes
     === ITERATION 0 begins ===
  0:00:00.117     1M / 19M   INFO    General                 (kmer_index_builder.hpp    : 308)   Splitting kmer instances into 16 files using 16 threads. This might take a while.
  0:00:00.141     1M / 19M   INFO    General                 (file_limit.hpp            :  43)   Open file limit set to 1024
  0:00:00.142     1M / 19M   INFO    General                 (kmer_splitter.hpp         :  96)   Memory available for splitting buffers: 5.20833 Gb
  0:00:00.142     1M / 19M   INFO    General                 (kmer_splitter.hpp         : 104)   Using cell size of 4194304
  0:00:00.247  9217M / 9217M INFO   K-mer Splitting          (kmer_data.cpp             :  98)   Processing "/projects/wintherpedersen/people/bfj994/keelime/data/PBHigh_fin_5000.fq.gz"
  0:00:00.399  9217M / 9217M INFO   K-mer Splitting          (kmer_data.cpp             : 113)   Total 4998 reads processed
  0:00:00.404     1M / 526M  INFO    General                 (kmer_index_builder.hpp    : 314)   Starting k-mer counting.
  0:00:00.496     1M / 526M  INFO    General                 (kmer_index_builder.hpp    : 325)   K-mer counting done. There are 50528 kmers in total.
  0:00:00.501     1M / 526M  INFO   K-mer Index Building     (kmer_index_builder.hpp    : 460)   Building perfect hash indices
  0:00:00.506     1M / 526M  INFO   K-mer Index Building     (kmer_index_builder.hpp    : 496)   Index built. Total 50528 kmers, 48768 bytes occupied (7.72134 bits per kmer).
  0:00:00.506     1M / 526M  INFO   K-mer Counting           (kmer_data.cpp             : 355)   Arranging kmers in hash map order
  0:00:00.543     1M / 526M  INFO    General                 (main.cpp                  : 149)   Clustering Hamming graph.
  0:00:00.573     1M / 526M  INFO    General                 (main.cpp                  : 156)   Extracting clusters:
  0:00:00.573     1M / 526M  INFO    General                 (concurrent_dsu.cpp        :  19)   Connecting to root
  0:00:00.573     1M / 526M  INFO    General                 (concurrent_dsu.cpp        :  35)   Calculating counts
  0:00:00.577     3M / 526M  INFO    General                 (concurrent_dsu.cpp        :  64)   Writing down entries
  0:00:00.593     1M / 526M  INFO    General                 (main.cpp                  : 168)   Clustering done. Total clusters: 33906
  0:00:00.593     1M / 526M  INFO   K-mer Counting           (kmer_data.cpp             : 372)   Collecting K-mer information, this takes a while.
  0:00:00.593     2M / 526M  INFO   K-mer Counting           (kmer_data.cpp             : 378)   Processing "/projects/wintherpedersen/people/bfj994/keelime/data/PBHigh_fin_5000.fq.gz"
  0:00:00.607     2M / 526M  INFO   K-mer Counting           (kmer_data.cpp             : 385)   Collection done, postprocessing.
  0:00:00.608     2M / 526M  INFO   K-mer Counting           (kmer_data.cpp             : 398)   There are 50528 kmers in total. Among them 16750 (33.1499%) are singletons.
  0:00:00.608     2M / 526M  INFO    General                 (main.cpp                  : 174)   Subclustering Hamming graph
  0:00:00.619     2M / 526M  INFO   Hamming Subclustering    (kmer_cluster.cpp          : 637)   Subclustering done. Total 0 non-read kmers were generated.
  0:00:00.619     2M / 526M  INFO   Hamming Subclustering    (kmer_cluster.cpp          : 638)   Subclustering statistics:
  0:00:00.619     2M / 526M  INFO   Hamming Subclustering    (kmer_cluster.cpp          : 639)     Total singleton hamming clusters: 21076. Among them 19886 (94.3538%) are good
  0:00:00.619     2M / 526M  INFO   Hamming Subclustering    (kmer_cluster.cpp          : 640)     Total singleton subclusters: 4. Among them 4 (100%) are good
  0:00:00.619     2M / 526M  INFO   Hamming Subclustering    (kmer_cluster.cpp          : 641)     Total non-singleton subcluster centers: 12852. Among them 12313 (95.8061%) are good
  0:00:00.619     2M / 526M  INFO   Hamming Subclustering    (kmer_cluster.cpp          : 642)     Average size of non-trivial subcluster: 2.29163 kmers
  0:00:00.619     2M / 526M  INFO   Hamming Subclustering    (kmer_cluster.cpp          : 643)     Average number of sub-clusters per non-singleton cluster: 1.00203
  0:00:00.619     2M / 526M  INFO   Hamming Subclustering    (kmer_cluster.cpp          : 644)     Total solid k-mers: 32203
  0:00:00.619     2M / 526M  INFO   Hamming Subclustering    (kmer_cluster.cpp          : 645)     Substitution probabilities: (     0.997546  0.000294097   0.00151105  0.000649041 )
(  0.000778857     0.890089  0.000765656     0.108367 )
(     0.107375  0.000766679     0.891079  0.000779897 )
(  0.000649707  0.000568493  0.000294398     0.998487 )
  0:00:00.621     2M / 526M  INFO    General                 (main.cpp                  : 179)   Finished clustering.
  0:00:00.621     2M / 526M  INFO    General                 (main.cpp                  : 198)   Starting solid k-mers expansion in 16 threads.
  0:00:00.635     2M / 526M  INFO    General                 (main.cpp                  : 219)   Solid k-mers iteration 0 produced 229 new k-mers.
  0:00:00.650     2M / 526M  INFO    General                 (main.cpp                  : 219)   Solid k-mers iteration 1 produced 1 new k-mers.
  0:00:00.650     2M / 526M  INFO    General                 (main.cpp                  : 223)   Solid k-mers finalized
  0:00:00.650     2M / 526M  INFO    General                 (hammer_tools.cpp          : 226)   Starting read correction in 16 threads.
  0:00:00.650     2M / 526M  INFO    General                 (hammer_tools.cpp          : 270)   Correcting single reads: "/projects/wintherpedersen/people/bfj994/keelime/data/PBHigh_fin_5000.fq.gz"
  0:00:00.734   175M / 526M  INFO    General                 (hammer_tools.cpp          : 131)   Prepared batch 0 of 4998 reads.
  0:00:00.739   176M / 526M  INFO    General                 (hammer_tools.cpp          : 136)   Processed batch 0
  0:00:00.746   176M / 526M  INFO    General                 (hammer_tools.cpp          : 140)   Written batch 0
  0:00:00.792     2M / 526M  INFO    General                 (hammer_tools.cpp          : 280)   Correction done. Changed 275 bases in 271 reads.
  0:00:00.792     2M / 526M  INFO    General                 (hammer_tools.cpp          : 281)   Failed to correct 0 bases out of 216140.
  0:00:00.792     1M / 526M  INFO    General                 (main.cpp                  : 256)   Saving corrected dataset description to /maps/projects/wintherpedersen/people/bfj994/keelime/sim/PBHigh_fin_5000_spades2/corrected/corrected.yaml
  0:00:00.796     1M / 526M  INFO    General                 (main.cpp                  : 263)   All done. Exiting.

===== Read error correction finished. 


===== corrected reads compression started. 


== Running: /home/bfj994/miniconda3/envs/denovo/bin/python3 /home/bfj994/miniconda3/envs/denovo/share/spades/spades_pipeline/scripts/compress_all.py --input_file /maps/projects/wintherpedersen/people/bfj994/keelime/sim/PBHigh_fin_5000_spades2/corrected/corrected.yaml --ext_python_modules_home /home/bfj994/miniconda3/envs/denovo/share/spades --max_threads 16 --output_dir /maps/projects/wintherpedersen/people/bfj994/keelime/sim/PBHigh_fin_5000_spades2/corrected --gzip_output

== Compressing corrected reads (with pigz)
== Files to compress: ['/maps/projects/wintherpedersen/people/bfj994/keelime/sim/PBHigh_fin_5000_spades2/corrected/PBHigh_fin_5000.fq00.0_0.cor.fastq']
== Files compression is finished
== Dataset yaml file is updated

===== corrected reads compression finished. 


===== Read error correction finished. 


===== Assembling started. 


===== K21 started. 


== Running: /home/bfj994/miniconda3/envs/denovo/bin/spades-core /maps/projects/wintherpedersen/people/bfj994/keelime/sim/PBHigh_fin_5000_spades2/K21/configs/config.info

  0:00:00.000     1M / 19M   INFO    General                 (main.cpp                  :  94)   Loaded config from "/maps/projects/wintherpedersen/people/bfj994/keelime/sim/PBHigh_fin_5000_spades2/K21/configs/config.info"
  0:00:00.001     1M / 19M   INFO    General                 (memory_limit.cpp          :  55)   Memory limit set to 250 Gb
  0:00:00.001     1M / 19M   INFO    General                 (main.cpp                  : 102)   Starting SPAdes, built from N/A, git revision N/A
  0:00:00.001     1M / 19M   INFO    General                 (main.cpp                  : 103)   Maximum k-mer length: 128
  0:00:00.001     1M / 19M   INFO    General                 (main.cpp                  : 104)   Assembling dataset ("/maps/projects/wintherpedersen/people/bfj994/keelime/sim/PBHigh_fin_5000_spades2/dataset.info") with K=21
  0:00:00.001     1M / 19M   INFO    General                 (main.cpp                  : 105)   Maximum # of threads to use (adjusted due to OMP capabilities): 16
  0:00:00.002     1M / 19M   INFO    General                 (pipeline.cpp              : 221)   SPAdes started
  0:00:00.002     1M / 19M   INFO    General                 (pipeline.cpp              : 234)   Starting from stage: read_conversion
  0:00:00.002     1M / 19M   INFO    General                 (pipeline.cpp              : 245)   Two-step repeat resolution disabled
  0:00:00.002     1M / 19M   INFO   GraphCore                (graph_core.hpp            : 689)   Graph created, vertex min_id: 3, edge min_id: 3
  0:00:00.002     1M / 19M   INFO   GraphCore                (graph_core.hpp            : 690)   Vertex size: 48, edge size: 40
  0:00:00.002     1M / 19M   INFO    General                 (edge_index.hpp            : 132)   Size of edge index entries: 12/8
  0:00:00.002     1M / 19M   INFO    General                 (pipeline.cpp              : 256)   Will need read mapping, kmer mapper will be attached
  0:00:00.002     1M / 19M   INFO   StageManager             (stage.cpp                 : 212)   STAGE == Binary Read Conversion (id: read_conversion)
  0:00:00.008     1M / 19M   INFO    General                 (read_converter.cpp        :  78)   Converting reads to binary format for library #0 (takes a while)
  0:00:00.008     1M / 19M   INFO    General                 (read_converter.cpp        :  99)   Converting paired reads
  0:00:00.019    29M / 38M   INFO    General                 (binary_converter.cpp      : 143)   0 reads written
  0:00:00.021     1M / 38M   INFO    General                 (read_converter.cpp        : 113)   Converting single reads
  0:00:00.043    40M / 50M   INFO    General                 (binary_converter.cpp      : 143)   4765 reads written
  0:00:00.044    27M / 50M   INFO    General                 (read_converter.cpp        : 119)   Converting merged reads
  0:00:00.049    40M / 50M   INFO    General                 (binary_converter.cpp      : 143)   0 reads written
  0:00:00.067     1M / 51M   INFO   StageManager             (stage.cpp                 : 212)   STAGE == de Bruijn graph construction (id: construction)
  0:00:00.081     1M / 51M   INFO    General                 (construction.cpp          : 150)   Max read length 140
  0:00:00.081     1M / 51M   INFO    General                 (construction.cpp          : 156)   Average read length 44.805
  0:00:00.081     1M / 51M   INFO    General                 (stage.cpp                 : 121)   PROCEDURE == k+1-mer counting (id: construction:kpomer_counting)
  0:00:00.081     1M / 51M   INFO    General                 (kmer_index_builder.hpp    : 308)   Splitting kmer instances into 160 files using 16 threads. This might take a while.
  0:00:00.306     1M / 51M   INFO    General                 (file_limit.hpp            :  43)   Open file limit set to 1024
  0:00:00.306     1M / 51M   INFO    General                 (kmer_splitter.hpp         :  96)   Memory available for splitting buffers: 5.20833 Gb
  0:00:00.306     1M / 51M   INFO    General                 (kmer_splitter.hpp         : 104)   Using cell size of 419430
  0:00:02.895     1M / 5181M INFO    General                 (kmer_splitters.hpp        : 134)   Used 9530 reads
  0:00:02.902     1M / 5181M INFO    General                 (kmer_index_builder.hpp    : 314)   Starting k-mer counting.
  0:00:04.286     1M / 5181M INFO    General                 (kmer_index_builder.hpp    : 325)   K-mer counting done. There are 21004 kmers in total.
  0:00:04.287     1M / 5181M INFO    General                 (stage.cpp                 : 121)   PROCEDURE == Extension index construction (id: construction:extension_index_construction)
  0:00:04.347     1M / 5181M INFO   K-mer Index Building     (kmer_index_builder.hpp    : 503)   Building kmer index
  0:00:04.347     1M / 5181M INFO    General                 (kmer_index_builder.hpp    : 308)   Splitting kmer instances into 160 files using 16 threads. This might take a while.
  0:00:04.620     2M / 5181M INFO    General                 (file_limit.hpp            :  43)   Open file limit set to 1024
  0:00:04.620     2M / 5181M INFO    General                 (kmer_splitter.hpp         :  96)   Memory available for splitting buffers: 5.20831 Gb
  0:00:04.620     2M / 5181M INFO    General                 (kmer_splitter.hpp         : 104)   Using cell size of 419430
  0:00:07.474  9602M / 9602M INFO    General                 (kmer_splitters.hpp        : 197)   Processed 21004 kmers
  0:00:07.475  9602M / 9602M INFO    General                 (kmer_splitters.hpp        : 202)   Used 21004 kmers.
  0:00:07.478     2M / 5211M INFO    General                 (kmer_index_builder.hpp    : 314)   Starting k-mer counting.
  0:00:08.565     2M / 5211M INFO    General                 (kmer_index_builder.hpp    : 325)   K-mer counting done. There are 21000 kmers in total.
  0:00:08.565     2M / 5211M INFO   K-mer Index Building     (kmer_index_builder.hpp    : 460)   Building perfect hash indices
  0:00:08.611     2M / 5211M INFO   K-mer Index Building     (kmer_index_builder.hpp    : 496)   Index built. Total 21000 kmers, 140424 bytes occupied (53.4949 bits per kmer).
  0:00:08.611     2M / 5211M INFO    General                 (kmer_index_builder.hpp    : 191)   Merging final buckets.
  0:00:09.408     2M / 5211M INFO   DeBruijnExtensionIndexBu (kmer_extension_index_build: 101)   Building k-mer extensions from k+1-mers
  0:00:09.417     2M / 5211M INFO   DeBruijnExtensionIndexBu (kmer_extension_index_build: 106)   Building k-mer extensions from k+1-mers finished.
  0:00:09.420     2M / 5211M INFO    General                 (stage.cpp                 : 121)   PROCEDURE == Condensing graph (id: construction:graph_condensing)
  0:00:09.421     2M / 5211M INFO   UnbranchingPathExtractor (debruijn_graph_constructor: 324)   Extracting unbranching paths
  0:00:09.425     2M / 5211M INFO   UnbranchingPathExtractor (debruijn_graph_constructor: 348)   Extracting unbranching paths finished. 3026 sequences extracted
  0:00:09.426     2M / 5211M INFO   UnbranchingPathExtractor (debruijn_graph_constructor: 362)   Collecting perfect loops
  0:00:09.428     2M / 5211M INFO   UnbranchingPathExtractor (debruijn_graph_constructor: 395)   Collecting perfect loops finished. 0 loops collected
  0:00:09.428     2M / 5211M INFO   DeBruijnGraphConstructor (debruijn_graph_constructor: 593)   Sorting edges...
  0:00:09.429     2M / 5211M INFO   DeBruijnGraphConstructor (debruijn_graph_constructor: 598)   Edges sorted
  0:00:09.429     2M / 5211M INFO    General                 (debruijn_graph_constructor: 511)   Total 6052 edges to create
  0:00:09.429     2M / 5211M INFO    General                 (debruijn_graph_constructor: 514)   Collecting link records
  0:00:09.435     2M / 5211M INFO    General                 (debruijn_graph_constructor: 519)   Ordering link records
  0:00:09.435     2M / 5211M INFO    General                 (debruijn_graph_constructor: 525)   Sorting done
  0:00:09.435     2M / 5211M INFO    General                 (debruijn_graph_constructor: 538)   Sorting LinkRecords...
  0:00:09.435     2M / 5211M INFO    General                 (debruijn_graph_constructor: 544)   LinkRecords sorted
  0:00:09.435     2M / 5211M INFO    General                 (debruijn_graph_constructor: 546)   Total 3022 vertices to create
  0:00:09.435     2M / 5211M INFO    General                 (debruijn_graph_constructor: 549)   Connecting the graph
  0:00:09.442     2M / 5211M INFO    General                 (stage.cpp                 : 121)   PROCEDURE == Filling coverage indices (PHM) (id: construction:coverage_filling_phm)
  0:00:09.442     2M / 5211M INFO   K-mer Index Building     (kmer_index_builder.hpp    : 460)   Building perfect hash indices
  0:00:09.473     3M / 5211M INFO   K-mer Index Building     (kmer_index_builder.hpp    : 496)   Index built. Total 21004 kmers, 140440 bytes occupied (53.4908 bits per kmer).
  0:00:09.475     3M / 5211M INFO    General                 (coverage_hash_map_builder.:  49)   Collecting k-mer coverage information from reads, this takes a while.
  0:00:09.478     3M / 5211M INFO    General                 (construction.cpp          : 400)   Filling coverage and flanking coverage from PHM
  0:00:09.479     3M / 5211M INFO    General                 (coverage_filling.hpp      :  83)   Processed 6052 edges
  0:00:09.848     1M / 5211M INFO   StageManager             (stage.cpp                 : 212)   STAGE == EC Threshold Finding (id: ec_threshold_finder)
  0:00:09.849     1M / 5211M INFO    General                 (kmer_coverage_model.cpp   : 182)   Kmer coverage valley at: 0
  0:00:09.849     1M / 5211M INFO    General                 (kmer_coverage_model.cpp   : 202)   K-mer histogram maximum: 5
  0:00:09.849     1M / 5211M INFO    General                 (kmer_coverage_model.cpp   : 238)   Estimated median coverage: 6. Coverage mad: 4.4478
  0:00:09.849     1M / 5211M INFO    General                 (kmer_coverage_model.cpp   : 260)   Fitting coverage model
  0:00:09.858     1M / 5211M INFO    General                 (kmer_coverage_model.cpp   : 296)   ... iteration 2
  0:00:09.874     1M / 5211M INFO    General                 (kmer_coverage_model.cpp   : 296)   ... iteration 4
  0:00:09.921     1M / 5211M INFO    General                 (kmer_coverage_model.cpp   : 296)   ... iteration 8
  0:00:10.012     1M / 5211M INFO    General                 (kmer_coverage_model.cpp   : 296)   ... iteration 16
  0:00:10.132     1M / 5211M INFO    General                 (kmer_coverage_model.cpp   : 296)   ... iteration 32
  0:00:10.167     1M / 5211M INFO    General                 (kmer_coverage_model.cpp   : 310)   Fitted mean coverage: 6.48832. Fitted coverage std. dev: 2.46944
  0:00:10.167     1M / 5211M INFO    General                 (kmer_coverage_model.cpp   : 335)   Probability of erroneous kmer at valley: 0.98091
  0:00:10.167     1M / 5211M INFO    General                 (kmer_coverage_model.cpp   : 359)   Preliminary threshold calculated as: 4
  0:00:10.167     1M / 5211M INFO    General                 (kmer_coverage_model.cpp   : 363)   Threshold adjusted to: 3
  0:00:10.167     1M / 5211M INFO    General                 (kmer_coverage_model.cpp   : 376)   Estimated genome size (ignoring repeats): 15805
  0:00:10.167     1M / 5211M INFO    General                 (genomic_info_filler.cpp   :  56)   Mean coverage was calculated as 6.48832
  0:00:10.167     1M / 5211M INFO    General                 (genomic_info_filler.cpp   :  71)   EC coverage threshold value was calculated as 3
  0:00:10.167     1M / 5211M INFO    General                 (genomic_info_filler.cpp   :  72)   Trusted kmer low bound: 0
  0:00:10.167     1M / 5211M INFO   StageManager             (stage.cpp                 : 212)   STAGE == Gap Closer (id: early_gapcloser)
  0:00:10.168     1M / 5211M INFO    General                 (gap_closer.cpp            : 484)   No paired-end libraries exist, skipping gap closer
  0:00:10.168     1M / 5211M INFO   StageManager             (stage.cpp                 : 212)   STAGE == Raw Simplification (id: raw_simplification)
  0:00:10.168     1M / 5211M INFO    General                 (simplification.cpp        : 129)   PROCEDURE == Initial cleaning
  0:00:10.168     1M / 5211M INFO    General                 (simplification.cpp        :  68)   Most init cleaning disabled since detected mean 6.48832 was less than activation coverage 10
  0:00:10.168     1M / 5211M INFO   Simplification           (parallel_processing.hpp   : 168)   Running Self conjugate edge remover
  0:00:10.168     1M / 5211M INFO   Simplification           (parallel_processing.hpp   : 171)   Self conjugate edge remover triggered 0 times
  0:00:10.168     1M / 5211M INFO   StageManager             (stage.cpp                 : 212)   STAGE == Simplification (id: simplification)
  0:00:10.168     1M / 5211M INFO    General                 (simplification.cpp        : 397)   Graph simplification started
  0:00:10.168     1M / 5211M INFO    General                 (graph_simplification.hpp  : 646)   Creating parallel br instance
  0:00:10.168     1M / 5211M INFO    General                 (simplification.cpp        : 402)   PROCEDURE == Simplification cycle, iteration 1
  0:00:10.168     1M / 5211M INFO   Simplification           (parallel_processing.hpp   : 168)   Running Tip clipper
  0:00:10.178     1M / 5211M INFO   Simplification           (parallel_processing.hpp   : 171)   Tip clipper triggered 1510 times
  0:00:10.178     1M / 5211M INFO   Simplification           (parallel_processing.hpp   : 168)   Running Bulge remover
  0:00:10.179     1M / 5211M INFO   Simplification           (parallel_processing.hpp   : 171)   Bulge remover triggered 1 times
  0:00:10.179     1M / 5211M INFO   Simplification           (parallel_processing.hpp   : 168)   Running Low coverage edge remover
  0:00:10.179     1M / 5211M INFO   Simplification           (parallel_processing.hpp   : 171)   Low coverage edge remover triggered 0 times
  0:00:10.179     1M / 5211M INFO    General                 (simplification.cpp        : 402)   PROCEDURE == Simplification cycle, iteration 2
  0:00:10.179     1M / 5211M INFO   Simplification           (parallel_processing.hpp   : 168)   Running Tip clipper
  0:00:10.179     1M / 5211M INFO   Simplification           (parallel_processing.hpp   : 171)   Tip clipper triggered 0 times
  0:00:10.179     1M / 5211M INFO   Simplification           (parallel_processing.hpp   : 168)   Running Bulge remover
  0:00:10.179     1M / 5211M INFO   Simplification           (parallel_processing.hpp   : 171)   Bulge remover triggered 0 times
  0:00:10.179     1M / 5211M INFO   Simplification           (parallel_processing.hpp   : 168)   Running Low coverage edge remover
  0:00:10.179     1M / 5211M INFO   Simplification           (parallel_processing.hpp   : 171)   Low coverage edge remover triggered 0 times
  0:00:10.179     1M / 5211M INFO    General                 (simplification.cpp        : 402)   PROCEDURE == Simplification cycle, iteration 3
  0:00:10.179     1M / 5211M INFO   Simplification           (parallel_processing.hpp   : 168)   Running Tip clipper
  0:00:10.179     1M / 5211M INFO   Simplification           (parallel_processing.hpp   : 171)   Tip clipper triggered 0 times
  0:00:10.179     1M / 5211M INFO   Simplification           (parallel_processing.hpp   : 168)   Running Bulge remover
  0:00:10.179     1M / 5211M INFO   Simplification           (parallel_processing.hpp   : 171)   Bulge remover triggered 0 times
  0:00:10.179     1M / 5211M INFO   Simplification           (parallel_processing.hpp   : 168)   Running Low coverage edge remover
  0:00:10.179     1M / 5211M INFO   Simplification           (parallel_processing.hpp   : 171)   Low coverage edge remover triggered 0 times
  0:00:10.179     1M / 5211M INFO    General                 (simplification.cpp        : 402)   PROCEDURE == Simplification cycle, iteration 4
  0:00:10.179     1M / 5211M INFO   Simplification           (parallel_processing.hpp   : 168)   Running Tip clipper
  0:00:10.179     1M / 5211M INFO   Simplification           (parallel_processing.hpp   : 171)   Tip clipper triggered 0 times
  0:00:10.179     1M / 5211M INFO   Simplification           (parallel_processing.hpp   : 168)   Running Bulge remover
  0:00:10.179     1M / 5211M INFO   Simplification           (parallel_processing.hpp   : 171)   Bulge remover triggered 0 times
  0:00:10.179     1M / 5211M INFO   Simplification           (parallel_processing.hpp   : 168)   Running Low coverage edge remover
  0:00:10.179     1M / 5211M INFO   Simplification           (parallel_processing.hpp   : 171)   Low coverage edge remover triggered 2 times
  0:00:10.180     1M / 5211M INFO    General                 (simplification.cpp        : 402)   PROCEDURE == Simplification cycle, iteration 5
  0:00:10.180     1M / 5211M INFO   Simplification           (parallel_processing.hpp   : 168)   Running Tip clipper
  0:00:10.180     1M / 5211M INFO   Simplification           (parallel_processing.hpp   : 171)   Tip clipper triggered 0 times
  0:00:10.180     1M / 5211M INFO   Simplification           (parallel_processing.hpp   : 168)   Running Bulge remover
  0:00:10.180     1M / 5211M INFO   Simplification           (parallel_processing.hpp   : 171)   Bulge remover triggered 0 times
  0:00:10.180     1M / 5211M INFO   Simplification           (parallel_processing.hpp   : 168)   Running Low coverage edge remover
  0:00:10.180     1M / 5211M INFO   Simplification           (parallel_processing.hpp   : 171)   Low coverage edge remover triggered 0 times
  0:00:10.180     1M / 5211M INFO    General                 (simplification.cpp        : 402)   PROCEDURE == Simplification cycle, iteration 6
  0:00:10.180     1M / 5211M INFO   Simplification           (parallel_processing.hpp   : 168)   Running Tip clipper
  0:00:10.180     1M / 5211M INFO   Simplification           (parallel_processing.hpp   : 171)   Tip clipper triggered 0 times
  0:00:10.180     1M / 5211M INFO   Simplification           (parallel_processing.hpp   : 168)   Running Bulge remover
  0:00:10.180     1M / 5211M INFO   Simplification           (parallel_processing.hpp   : 171)   Bulge remover triggered 0 times
  0:00:10.180     1M / 5211M INFO   Simplification           (parallel_processing.hpp   : 168)   Running Low coverage edge remover
  0:00:10.180     1M / 5211M INFO   Simplification           (parallel_processing.hpp   : 171)   Low coverage edge remover triggered 0 times
  0:00:10.180     1M / 5211M INFO    General                 (simplification.cpp        : 402)   PROCEDURE == Simplification cycle, iteration 7
  0:00:10.180     1M / 5211M INFO   Simplification           (parallel_processing.hpp   : 168)   Running Tip clipper
  0:00:10.180     1M / 5211M INFO   Simplification           (parallel_processing.hpp   : 171)   Tip clipper triggered 0 times
  0:00:10.180     1M / 5211M INFO   Simplification           (parallel_processing.hpp   : 168)   Running Bulge remover
  0:00:10.180     1M / 5211M INFO   Simplification           (parallel_processing.hpp   : 171)   Bulge remover triggered 0 times
  0:00:10.180     1M / 5211M INFO   Simplification           (parallel_processing.hpp   : 168)   Running Low coverage edge remover
  0:00:10.180     1M / 5211M INFO   Simplification           (parallel_processing.hpp   : 171)   Low coverage edge remover triggered 0 times
  0:00:10.180     1M / 5211M INFO    General                 (simplification.cpp        : 402)   PROCEDURE == Simplification cycle, iteration 8
  0:00:10.180     1M / 5211M INFO   Simplification           (parallel_processing.hpp   : 168)   Running Tip clipper
  0:00:10.180     1M / 5211M INFO   Simplification           (parallel_processing.hpp   : 171)   Tip clipper triggered 0 times
  0:00:10.180     1M / 5211M INFO   Simplification           (parallel_processing.hpp   : 168)   Running Bulge remover
  0:00:10.180     1M / 5211M INFO   Simplification           (parallel_processing.hpp   : 171)   Bulge remover triggered 0 times
  0:00:10.180     1M / 5211M INFO   Simplification           (parallel_processing.hpp   : 168)   Running Low coverage edge remover
  0:00:10.180     1M / 5211M INFO   Simplification           (parallel_processing.hpp   : 171)   Low coverage edge remover triggered 0 times
  0:00:10.180     1M / 5211M INFO    General                 (simplification.cpp        : 402)   PROCEDURE == Simplification cycle, iteration 9
  0:00:10.180     1M / 5211M INFO   Simplification           (parallel_processing.hpp   : 168)   Running Tip clipper
  0:00:10.180     1M / 5211M INFO   Simplification           (parallel_processing.hpp   : 171)   Tip clipper triggered 0 times
  0:00:10.180     1M / 5211M INFO   Simplification           (parallel_processing.hpp   : 168)   Running Bulge remover
  0:00:10.181     1M / 5211M INFO   Simplification           (parallel_processing.hpp   : 171)   Bulge remover triggered 0 times
  0:00:10.181     1M / 5211M INFO   Simplification           (parallel_processing.hpp   : 168)   Running Low coverage edge remover
  0:00:10.181     1M / 5211M INFO   Simplification           (parallel_processing.hpp   : 171)   Low coverage edge remover triggered 0 times
  0:00:10.181     1M / 5211M INFO    General                 (simplification.cpp        : 402)   PROCEDURE == Simplification cycle, iteration 10
  0:00:10.181     1M / 5211M INFO   Simplification           (parallel_processing.hpp   : 168)   Running Tip clipper
  0:00:10.181     1M / 5211M INFO   Simplification           (parallel_processing.hpp   : 171)   Tip clipper triggered 0 times
  0:00:10.181     1M / 5211M INFO   Simplification           (parallel_processing.hpp   : 168)   Running Bulge remover
  0:00:10.181     1M / 5211M INFO   Simplification           (parallel_processing.hpp   : 171)   Bulge remover triggered 0 times
  0:00:10.181     1M / 5211M INFO   Simplification           (parallel_processing.hpp   : 168)   Running Low coverage edge remover
  0:00:10.181     1M / 5211M INFO   Simplification           (parallel_processing.hpp   : 171)   Low coverage edge remover triggered 0 times
  0:00:10.181     1M / 5211M INFO    General                 (simplification.cpp        : 402)   PROCEDURE == Simplification cycle, iteration 11
  0:00:10.181     1M / 5211M INFO   Simplification           (parallel_processing.hpp   : 168)   Running Tip clipper
  0:00:10.181     1M / 5211M INFO   Simplification           (parallel_processing.hpp   : 171)   Tip clipper triggered 0 times
  0:00:10.181     1M / 5211M INFO   Simplification           (parallel_processing.hpp   : 168)   Running Bulge remover
  0:00:10.181     1M / 5211M INFO   Simplification           (parallel_processing.hpp   : 171)   Bulge remover triggered 0 times
  0:00:10.181     1M / 5211M INFO   Simplification           (parallel_processing.hpp   : 168)   Running Low coverage edge remover
  0:00:10.181     1M / 5211M INFO   Simplification           (parallel_processing.hpp   : 171)   Low coverage edge remover triggered 0 times
  0:00:10.181     1M / 5211M INFO   StageManager             (stage.cpp                 : 212)   STAGE == Gap Closer (id: late_gapcloser)
  0:00:10.181     1M / 5211M INFO    General                 (gap_closer.cpp            : 484)   No paired-end libraries exist, skipping gap closer
  0:00:10.181     1M / 5211M INFO   StageManager             (stage.cpp                 : 212)   STAGE == Simplification Cleanup (id: simplification_cleanup)
  0:00:10.181     1M / 5211M INFO    General                 (simplification.cpp        : 189)   PROCEDURE == Post simplification
  0:00:10.181     1M / 5211M INFO    General                 (graph_simplification.hpp  : 455)   Disconnection of relatively low covered edges disabled
  0:00:10.181     1M / 5211M INFO    General                 (graph_simplification.hpp  : 494)   Complex tip clipping disabled
  0:00:10.181     1M / 5211M INFO    General                 (graph_simplification.hpp  : 646)   Creating parallel br instance
  0:00:10.181     1M / 5211M INFO   Simplification           (parallel_processing.hpp   : 168)   Running Tip clipper
  0:00:10.182     1M / 5211M INFO   Simplification           (parallel_processing.hpp   : 171)   Tip clipper triggered 0 times
  0:00:10.182     1M / 5211M INFO   Simplification           (parallel_processing.hpp   : 168)   Running Bulge remover
  0:00:10.182     1M / 5211M INFO   Simplification           (parallel_processing.hpp   : 171)   Bulge remover triggered 0 times
  0:00:10.182     1M / 5211M INFO   Simplification           (parallel_processing.hpp   : 168)   Running Tip clipper
  0:00:10.182     1M / 5211M INFO   Simplification           (parallel_processing.hpp   : 171)   Tip clipper triggered 0 times
  0:00:10.182     1M / 5211M INFO   Simplification           (parallel_processing.hpp   : 168)   Running Bulge remover
  0:00:10.182     1M / 5211M INFO   Simplification           (parallel_processing.hpp   : 171)   Bulge remover triggered 0 times
  0:00:10.182     1M / 5211M INFO    General                 (simplification.cpp        : 348)   Disrupting self-conjugate edges
  0:00:10.182     1M / 5211M INFO   Simplification           (parallel_processing.hpp   : 168)   Running Removing isolated edges
  0:00:10.182     1M / 5211M INFO   Simplification           (parallel_processing.hpp   : 171)   Removing isolated edges triggered 0 times
  0:00:10.182     1M / 5211M INFO    General                 (simplification.cpp        : 508)   After simplification:
  0:00:10.182     1M / 5211M INFO    General                 (simplification.cpp        : 509)     Average coverage = 6.54825
  0:00:10.182     1M / 5211M INFO    General                 (simplification.cpp        : 510)     Total length = 16589
  0:00:10.183     1M / 5211M INFO    General                 (simplification.cpp        : 511)     Median edge length: 3837
  0:00:10.183     1M / 5211M INFO    General                 (simplification.cpp        : 512)     Edges: 48
  0:00:10.183     1M / 5211M INFO    General                 (simplification.cpp        : 513)     Vertices: 46
  0:00:10.183     1M / 5211M INFO   StageManager             (stage.cpp                 : 212)   STAGE == Mismatch Correction (id: mismatch_correction)
  0:00:10.183     1M / 5211M INFO    General                 (graph_pack_helpers.cpp    :  44)   Index refill
  0:00:10.183     1M / 5211M INFO    General                 (edge_index.hpp            : 175)   Using small index (max_id = 6085)
  0:00:10.184     1M / 5211M INFO   K-mer Index Building     (kmer_index_builder.hpp    : 460)   Building perfect hash indices
  0:00:10.190     1M / 5211M INFO   K-mer Index Building     (kmer_index_builder.hpp    : 496)   Index built. Total 16589 kmers, 12736 bytes occupied (6.1419 bits per kmer).
  0:00:10.190     1M / 5211M INFO    General                 (edge_index_builders.hpp   : 253)   Collecting edge information from graph, this takes a while.
  0:00:10.192     1M / 5211M INFO    General                 (graph_pack_helpers.cpp    :  54)   Normalizing k-mer map. Total 44 kmers to process
  0:00:10.192     1M / 5211M INFO    General                 (kmer_mapper.hpp           :  87)   Total 0 kmers with non-trivial roots
  0:00:10.192     1M / 5211M INFO    General                 (graph_pack_helpers.cpp    :  56)   Normalizing done
  0:00:10.192     1M / 5211M INFO    General                 (mismatch_correction.cpp   : 421)   Collect potential mismatches
  0:00:10.194     1M / 5211M INFO    General                 (mismatch_correction.cpp   : 213)   Total 2 edges (out of 48) with 2 potential mismatch positions (1 positions per edge)
  0:00:10.194     1M / 5211M INFO    General                 (mismatch_correction.cpp   : 423)   Potential mismatches collected
  0:00:10.206     1M / 5211M INFO    General                 (sequence_mapper_notifier.h:  80)   Starting sequence mapping
  0:00:10.217     1M / 5211M INFO    General                 (sequence_mapper_notifier.h: 120)   Total 9530 reads processed
  0:00:10.217     1M / 5211M INFO    General                 (mismatch_correction.cpp   : 416)   All edges processed
  0:00:10.217     1M / 5211M INFO    General                 (mismatch_correction.cpp   : 471)   Corrected 0 nucleotides
  0:00:10.217     1M / 5211M INFO   StageManager             (stage.cpp                 : 212)   STAGE == Contig Output (id: contig_output)
  0:00:10.217     1M / 5211M INFO    General                 (contig_output.hpp         :  20)   Outputting contigs to "/maps/projects/wintherpedersen/people/bfj994/keelime/sim/PBHigh_fin_5000_spades2/K21/before_rr.fasta"
  0:00:10.222     1M / 5211M INFO    General                 (contig_output_stage.cpp   : 159)   Writing GFA graph to "/maps/projects/wintherpedersen/people/bfj994/keelime/sim/PBHigh_fin_5000_spades2/K21/assembly_graph_after_simplification.gfa"
  0:00:10.224     1M / 5211M INFO   StageManager             (stage.cpp                 : 212)   STAGE == Paired Information Counting (id: late_pair_info_count)
  0:00:10.224     1M / 5211M INFO    General                 (graph_pack_helpers.cpp    :  54)   Normalizing k-mer map. Total 44 kmers to process
  0:00:10.224     1M / 5211M INFO    General                 (graph_pack_helpers.cpp    :  56)   Normalizing done
  0:00:10.224     1M / 5211M INFO    General                 (pair_info_count.cpp       : 165)   Min edge length for estimation: 3837
  0:00:10.224     1M / 5211M INFO    General                 (pair_info_count.cpp       : 235)   Mapping single reads of library #0
  0:00:10.224     1M / 5211M INFO    General                 (pair_info_count.cpp       :  41)   Selecting usual mapper
  0:00:10.234     1M / 5211M INFO    General                 (sequence_mapper_notifier.h:  80)   Starting sequence mapping
  0:00:10.245     1M / 5211M INFO    General                 (sequence_mapper_notifier.h: 120)   Total 4765 reads processed
  0:00:10.245     1M / 5211M INFO    General                 (pair_info_count.cpp       : 237)   Total paths obtained from single reads: 170
  0:00:10.245     1M / 5211M INFO   StageManager             (stage.cpp                 : 212)   STAGE == Distance Estimation (id: distance_estimation)
  0:00:10.245     1M / 5211M INFO   StageManager             (stage.cpp                 : 212)   STAGE == Repeat Resolving (id: repeat_resolving)
  0:00:10.245     1M / 5211M INFO    General                 (repeat_resolving.cpp      :  88)   Using Path-Extend repeat resolving
  0:00:10.245     1M / 5211M INFO    General                 (launcher.cpp              : 632)   ExSPAnder repeat resolving tool started
  0:00:10.247     1M / 5211M INFO    General                 (coverage_uniformity_analyz:  25)   genomic coverage is 6.3826 calculated of length 15442
  0:00:10.247     1M / 5211M INFO    General                 (launcher.cpp              : 440)   Creating main extenders, unique edge length = 2000
  0:00:10.247     1M / 5211M INFO    General                 (launcher.cpp              : 358)   filling path container
  0:00:10.248     2M / 5211M INFO    General                 (extenders_logic.cpp       :  54)   resolvable_repeat_length_bound set to 10000
  0:00:10.253     2M / 5211M INFO    General                 (extenders_logic.cpp       : 550)   Using 0 paired-end libraries
  0:00:10.253     2M / 5211M INFO    General                 (extenders_logic.cpp       : 551)   Using 0 paired-end scaffolding libraries
  0:00:10.253     2M / 5211M INFO    General                 (extenders_logic.cpp       : 552)   Using 1 single read library
  0:00:10.253     2M / 5211M INFO    General                 (launcher.cpp              : 469)   Total number of extenders is 1
  0:00:10.253     2M / 5211M INFO    General                 (path_extenders.cpp        :  36)   Processed 0 paths from 22 (0%)
  0:00:10.253     2M / 5211M INFO    General                 (path_extenders.cpp        :  36)   Processed 3 paths from 22 (13%)
  0:00:10.253     2M / 5211M INFO    General                 (path_extenders.cpp        :  36)   Processed 6 paths from 22 (27%)
  0:00:10.277     2M / 5211M INFO    General                 (path_extenders.cpp        :  36)   Processed 9 paths from 22 (40%)
  0:00:10.293     2M / 5211M INFO    General                 (path_extenders.cpp        :  36)   Processed 12 paths from 22 (54%)
  0:00:10.293     2M / 5211M INFO    General                 (path_extenders.cpp        :  36)   Processed 15 paths from 22 (68%)
  0:00:10.293     2M / 5211M INFO    General                 (path_extenders.cpp        :  36)   Processed 18 paths from 22 (81%)
  0:00:10.293     2M / 5211M INFO    General                 (path_extenders.cpp        :  36)   Processed 21 paths from 22 (95%)
  0:00:10.293     2M / 5211M INFO    General                 (launcher.cpp              : 260)   Finalizing paths
  0:00:10.293     2M / 5211M INFO    General                 (launcher.cpp              : 262)   Deduplicating paths
  0:00:10.293     2M / 5211M INFO    General                 (launcher.cpp              : 266)   Paths deduplicated
  0:00:10.293     2M / 5211M INFO   PEResolver               (pe_resolver.cpp           :  70)   Removing overlaps
  0:00:10.294     2M / 5211M INFO   PEResolver               (pe_resolver.cpp           :  73)   Sorting paths
  0:00:10.294     2M / 5211M INFO   PEResolver               (pe_resolver.cpp           :  80)   Marking overlaps
  0:00:10.294     2M / 5211M INFO   OverlapRemover           (overlap_remover.hpp       : 120)   Marking start/end overlaps
  0:00:10.294     2M / 5211M INFO   OverlapRemover           (overlap_remover.hpp       : 123)   Marking remaining overlaps
  0:00:10.294     2M / 5211M INFO   PEResolver               (pe_resolver.cpp           :  83)   Splitting paths
  0:00:10.294     2M / 5211M INFO   PEResolver               (pe_resolver.cpp           :  88)   Deduplicating paths
  0:00:10.294     2M / 5211M INFO   PEResolver               (pe_resolver.cpp           :  90)   Overlaps removed
  0:00:10.295     2M / 5211M INFO    General                 (launcher.cpp              : 283)   Paths finalized
  0:00:10.295     2M / 5211M INFO    General                 (launcher.cpp              : 478)   Closing gaps in paths
  0:00:10.295     2M / 5211M INFO    General                 (launcher.cpp              : 508)   Gap closing completed
  0:00:10.295     2M / 5211M INFO    General                 (launcher.cpp              : 316)   Traversing tandem repeats
  0:00:10.295     2M / 5211M INFO    General                 (launcher.cpp              : 326)   Traversed 0 loops
  0:00:10.295     2M / 5211M INFO    General                 (launcher.cpp              : 260)   Finalizing paths
  0:00:10.295     2M / 5211M INFO    General                 (launcher.cpp              : 262)   Deduplicating paths
  0:00:10.295     2M / 5211M INFO    General                 (launcher.cpp              : 266)   Paths deduplicated
  0:00:10.295     2M / 5211M INFO   PEResolver               (pe_resolver.cpp           :  70)   Removing overlaps
  0:00:10.295     2M / 5211M INFO   PEResolver               (pe_resolver.cpp           :  73)   Sorting paths
  0:00:10.295     2M / 5211M INFO   PEResolver               (pe_resolver.cpp           :  80)   Marking overlaps
  0:00:10.295     2M / 5211M INFO   OverlapRemover           (overlap_remover.hpp       : 120)   Marking start/end overlaps
  0:00:10.295     2M / 5211M INFO   OverlapRemover           (overlap_remover.hpp       : 123)   Marking remaining overlaps
  0:00:10.296     2M / 5211M INFO   PEResolver               (pe_resolver.cpp           :  83)   Splitting paths
  0:00:10.296     2M / 5211M INFO   PEResolver               (pe_resolver.cpp           :  88)   Deduplicating paths
  0:00:10.296     2M / 5211M INFO   PEResolver               (pe_resolver.cpp           :  90)   Overlaps removed
  0:00:10.296     2M / 5211M INFO    General                 (launcher.cpp              : 283)   Paths finalized
  0:00:10.296     2M / 5211M INFO    General                 (launcher.cpp              : 697)   ExSPAnder repeat resolving tool finished
  0:00:10.296     1M / 5211M INFO   StageManager             (stage.cpp                 : 212)   STAGE == Contig Output (id: contig_output)
  0:00:10.296     1M / 5211M INFO    General                 (contig_output.hpp         :  20)   Outputting contigs to "/maps/projects/wintherpedersen/people/bfj994/keelime/sim/PBHigh_fin_5000_spades2/K21/before_rr.fasta"
  0:00:10.303     1M / 5211M INFO    General                 (contig_output_stage.cpp   : 159)   Writing GFA graph to "/maps/projects/wintherpedersen/people/bfj994/keelime/sim/PBHigh_fin_5000_spades2/K21/assembly_graph_with_scaffolds.gfa"
  0:00:10.303     1M / 5211M INFO    General                 (contig_output_stage.cpp   : 175)   Outputting FastG graph to "/maps/projects/wintherpedersen/people/bfj994/keelime/sim/PBHigh_fin_5000_spades2/K21/assembly_graph.fastg"
  0:00:10.308     1M / 5211M INFO    General                 (contig_output_stage.cpp   : 210)   Breaking scaffolds
  0:00:10.308     1M / 5211M INFO    General                 (contig_output_stage.cpp   : 101)   Outputting contigs to /maps/projects/wintherpedersen/people/bfj994/keelime/sim/PBHigh_fin_5000_spades2/K21/final_contigs.fasta
  0:00:10.312     1M / 5211M INFO    General                 (contig_output_stage.cpp   : 107)   Outputting FastG paths to /maps/projects/wintherpedersen/people/bfj994/keelime/sim/PBHigh_fin_5000_spades2/K21/final_contigs.paths
  0:00:10.316     1M / 5211M INFO    General                 (contig_output_stage.cpp   : 101)   Outputting contigs to /maps/projects/wintherpedersen/people/bfj994/keelime/sim/PBHigh_fin_5000_spades2/K21/scaffolds.fasta
  0:00:10.319     1M / 5211M INFO    General                 (contig_output_stage.cpp   : 107)   Outputting FastG paths to /maps/projects/wintherpedersen/people/bfj994/keelime/sim/PBHigh_fin_5000_spades2/K21/scaffolds.paths
  0:00:10.322     1M / 5211M INFO    General                 (contig_output_stage.cpp   : 114)   Populating GFA with scaffold paths
  0:00:10.335     1M / 5211M INFO    General                 (pipeline.cpp              : 303)   SPAdes finished
  0:00:10.335     1M / 5211M INFO    General                 (main.cpp                  : 131)   Assembling time: 0 hours 0 minutes 10 seconds

===== K21 finished. 


===== Copy files started. 


== Running: /home/bfj994/miniconda3/envs/denovo/bin/python3 /home/bfj994/miniconda3/envs/denovo/share/spades/spades_pipeline/scripts/copy_files.py /maps/projects/wintherpedersen/people/bfj994/keelime/sim/PBHigh_fin_5000_spades2/K21/before_rr.fasta /maps/projects/wintherpedersen/people/bfj994/keelime/sim/PBHigh_fin_5000_spades2/before_rr.fasta /maps/projects/wintherpedersen/people/bfj994/keelime/sim/PBHigh_fin_5000_spades2/K21/assembly_graph_after_simplification.gfa /maps/projects/wintherpedersen/people/bfj994/keelime/sim/PBHigh_fin_5000_spades2/assembly_graph_after_simplification.gfa /maps/projects/wintherpedersen/people/bfj994/keelime/sim/PBHigh_fin_5000_spades2/K21/final_contigs.fasta /maps/projects/wintherpedersen/people/bfj994/keelime/sim/PBHigh_fin_5000_spades2/contigs.fasta /maps/projects/wintherpedersen/people/bfj994/keelime/sim/PBHigh_fin_5000_spades2/K21/first_pe_contigs.fasta /maps/projects/wintherpedersen/people/bfj994/keelime/sim/PBHigh_fin_5000_spades2/first_pe_contigs.fasta /maps/projects/wintherpedersen/people/bfj994/keelime/sim/PBHigh_fin_5000_spades2/K21/strain_graph.gfa /maps/projects/wintherpedersen/people/bfj994/keelime/sim/PBHigh_fin_5000_spades2/strain_graph.gfa /maps/projects/wintherpedersen/people/bfj994/keelime/sim/PBHigh_fin_5000_spades2/K21/scaffolds.fasta /maps/projects/wintherpedersen/people/bfj994/keelime/sim/PBHigh_fin_5000_spades2/scaffolds.fasta /maps/projects/wintherpedersen/people/bfj994/keelime/sim/PBHigh_fin_5000_spades2/K21/scaffolds.paths /maps/projects/wintherpedersen/people/bfj994/keelime/sim/PBHigh_fin_5000_spades2/scaffolds.paths /maps/projects/wintherpedersen/people/bfj994/keelime/sim/PBHigh_fin_5000_spades2/K21/assembly_graph_with_scaffolds.gfa /maps/projects/wintherpedersen/people/bfj994/keelime/sim/PBHigh_fin_5000_spades2/assembly_graph_with_scaffolds.gfa /maps/projects/wintherpedersen/people/bfj994/keelime/sim/PBHigh_fin_5000_spades2/K21/assembly_graph.fastg /maps/projects/wintherpedersen/people/bfj994/keelime/sim/PBHigh_fin_5000_spades2/assembly_graph.fastg /maps/projects/wintherpedersen/people/bfj994/keelime/sim/PBHigh_fin_5000_spades2/K21/final_contigs.paths /maps/projects/wintherpedersen/people/bfj994/keelime/sim/PBHigh_fin_5000_spades2/contigs.paths


===== Copy files finished. 


===== Assembling finished. 


===== Breaking scaffolds started. 


== Running: /home/bfj994/miniconda3/envs/denovo/bin/python3 /home/bfj994/miniconda3/envs/denovo/share/spades/spades_pipeline/scripts/breaking_scaffolds_script.py --result_scaffolds_filename /maps/projects/wintherpedersen/people/bfj994/keelime/sim/PBHigh_fin_5000_spades2/scaffolds.fasta --misc_dir /maps/projects/wintherpedersen/people/bfj994/keelime/sim/PBHigh_fin_5000_spades2/misc --threshold_for_breaking_scaffolds 3


===== Breaking scaffolds finished. 


===== Terminate started. 


===== Terminate finished. 

 * Corrected reads are in /maps/projects/wintherpedersen/people/bfj994/keelime/sim/PBHigh_fin_5000_spades2/corrected/
 * Assembled contigs are in /maps/projects/wintherpedersen/people/bfj994/keelime/sim/PBHigh_fin_5000_spades2/contigs.fasta
 * Assembled scaffolds are in /maps/projects/wintherpedersen/people/bfj994/keelime/sim/PBHigh_fin_5000_spades2/scaffolds.fasta
 * Paths in the assembly graph corresponding to the contigs are in /maps/projects/wintherpedersen/people/bfj994/keelime/sim/PBHigh_fin_5000_spades2/contigs.paths
 * Paths in the assembly graph corresponding to the scaffolds are in /maps/projects/wintherpedersen/people/bfj994/keelime/sim/PBHigh_fin_5000_spades2/scaffolds.paths
 * Assembly graph is in /maps/projects/wintherpedersen/people/bfj994/keelime/sim/PBHigh_fin_5000_spades2/assembly_graph.fastg
 * Assembly graph in GFA format is in /maps/projects/wintherpedersen/people/bfj994/keelime/sim/PBHigh_fin_5000_spades2/assembly_graph_with_scaffolds.gfa

======= SPAdes pipeline finished.

SPAdes log can be found here: /maps/projects/wintherpedersen/people/bfj994/keelime/sim/PBHigh_fin_5000_spades2/spades.log

Thank you for using SPAdes! If you use it in your research, please cite:

  Prjibelski, A., Antipov, D., Meleshko, D., Lapidus, A. and Korobeynikov, A., 2020. Using SPAdes de novo assembler. Current protocols in bioinformatics, 70(1), p.e102.
  doi.org/10.1002/cpbi.102

