Command line: /home/bfj994/miniconda3/envs/denovo/bin/spades.py	-s	/projects/wintherpedersen/people/bfj994/keelime/data/PB5myaHigh_fin_25000.fq.gz	-o	/maps/projects/wintherpedersen/people/bfj994/keelime/sim/PB5myaHigh_fin_25000_spades	-k21	

System information:
  SPAdes version: 4.2.0
  Python version: 3.13.3
  OS: Linux-4.18.0-553.40.1.el8_10.x86_64-x86_64-with-glibc2.28

Output dir: /maps/projects/wintherpedersen/people/bfj994/keelime/sim/PB5myaHigh_fin_25000_spades
Mode: read error correction and assembling
Debug mode is turned OFF

Dataset parameters:
  Standard mode
  For multi-cell/isolate data we recommend to use '--isolate' option; for single-cell MDA data use '--sc'; for metagenomic data use '--meta'; for RNA-Seq use '--rna'.
  Reads:
    Library number: 1, library type: single
      left reads: not specified
      right reads: not specified
      interlaced reads: not specified
      single reads: ['/projects/wintherpedersen/people/bfj994/keelime/data/PB5myaHigh_fin_25000.fq.gz']
      merged reads: not specified
Read error correction parameters:
  Iterations: 1
  PHRED offset will be auto-detected
  Corrected reads will be compressed
Assembly parameters:
  k: [21]
  Repeat resolution is enabled
  Mismatch careful mode is turned OFF
  MismatchCorrector will be SKIPPED
  Coverage cutoff is turned OFF
  Assembly graph output will use GFA v1.2 format
Other parameters:
  Dir for temp files: /maps/projects/wintherpedersen/people/bfj994/keelime/sim/PB5myaHigh_fin_25000_spades/tmp
  Threads: 16
  Memory limit (in Gb): 250


======= SPAdes pipeline started. Log can be found here: /maps/projects/wintherpedersen/people/bfj994/keelime/sim/PB5myaHigh_fin_25000_spades/spades.log

/projects/wintherpedersen/people/bfj994/keelime/data/PB5myaHigh_fin_25000.fq.gz: max reads length: 168

Reads length: 168


===== Before start started. 


===== Read error correction started. 


===== Read error correction started. 


== Running: /home/bfj994/miniconda3/envs/denovo/bin/spades-hammer /maps/projects/wintherpedersen/people/bfj994/keelime/sim/PB5myaHigh_fin_25000_spades/corrected/configs/config.info

  0:00:00.000     1M / 19M   INFO    General                 (main.cpp                  :  76)   Starting BayesHammer, built from N/A, git revision N/A
  0:00:00.050     1M / 19M   INFO    General                 (main.cpp                  :  77)   Loading config from "/maps/projects/wintherpedersen/people/bfj994/keelime/sim/PB5myaHigh_fin_25000_spades/corrected/configs/config.info"
  0:00:00.112     1M / 19M   INFO    General                 (main.cpp                  :  79)   Maximum # of threads to use (adjusted due to OMP capabilities): 16
  0:00:00.112     1M / 19M   INFO    General                 (memory_limit.cpp          :  55)   Memory limit set to 250 Gb
  0:00:00.112     1M / 19M   INFO    General                 (main.cpp                  :  87)   Trying to determine PHRED offset
  0:00:00.112     1M / 19M   INFO    General                 (main.cpp                  :  93)   Determined value is 64
  0:00:00.113     1M / 19M   INFO    General                 (hammer_tools.cpp          :  40)   Hamming graph threshold tau=1, k=21, subkmer positions = [ 0 10 ]
  0:00:00.113     1M / 19M   INFO    General                 (main.cpp                  : 114)   Size of aux. kmer data 24 bytes
     === ITERATION 0 begins ===
  0:00:00.117     1M / 19M   INFO    General                 (kmer_index_builder.hpp    : 308)   Splitting kmer instances into 16 files using 16 threads. This might take a while.
  0:00:00.145     1M / 19M   INFO    General                 (file_limit.hpp            :  43)   Open file limit set to 1024
  0:00:00.145     1M / 19M   INFO    General                 (kmer_splitter.hpp         :  96)   Memory available for splitting buffers: 5.20833 Gb
  0:00:00.145     1M / 19M   INFO    General                 (kmer_splitter.hpp         : 104)   Using cell size of 4194304
  0:00:00.275  9217M / 9217M INFO   K-mer Splitting          (kmer_data.cpp             :  98)   Processing "/projects/wintherpedersen/people/bfj994/keelime/data/PB5myaHigh_fin_25000.fq.gz"
  0:00:00.505  9217M / 9217M INFO   K-mer Splitting          (kmer_data.cpp             : 113)   Total 24994 reads processed
  0:00:00.512     1M / 531M  INFO    General                 (kmer_index_builder.hpp    : 314)   Starting k-mer counting.
  0:00:00.570     1M / 531M  INFO    General                 (kmer_index_builder.hpp    : 325)   K-mer counting done. There are 108782 kmers in total.
  0:00:00.572     1M / 531M  INFO   K-mer Index Building     (kmer_index_builder.hpp    : 460)   Building perfect hash indices
  0:00:00.579     1M / 531M  INFO   K-mer Index Building     (kmer_index_builder.hpp    : 496)   Index built. Total 108782 kmers, 90712 bytes occupied (6.6711 bits per kmer).
  0:00:00.579     1M / 531M  INFO   K-mer Counting           (kmer_data.cpp             : 355)   Arranging kmers in hash map order
  0:00:00.629     2M / 531M  INFO    General                 (main.cpp                  : 149)   Clustering Hamming graph.
  0:00:00.673     2M / 531M  INFO    General                 (main.cpp                  : 156)   Extracting clusters:
  0:00:00.673     2M / 531M  INFO    General                 (concurrent_dsu.cpp        :  19)   Connecting to root
  0:00:00.673     2M / 531M  INFO    General                 (concurrent_dsu.cpp        :  35)   Calculating counts
  0:00:00.677     4M / 531M  INFO    General                 (concurrent_dsu.cpp        :  64)   Writing down entries
  0:00:00.692     2M / 531M  INFO    General                 (main.cpp                  : 168)   Clustering done. Total clusters: 35062
  0:00:00.692     2M / 531M  INFO   K-mer Counting           (kmer_data.cpp             : 372)   Collecting K-mer information, this takes a while.
  0:00:00.693     4M / 531M  INFO   K-mer Counting           (kmer_data.cpp             : 378)   Processing "/projects/wintherpedersen/people/bfj994/keelime/data/PB5myaHigh_fin_25000.fq.gz"
  0:00:00.739     4M / 531M  INFO   K-mer Counting           (kmer_data.cpp             : 385)   Collection done, postprocessing.
  0:00:00.740     4M / 531M  INFO   K-mer Counting           (kmer_data.cpp             : 398)   There are 108782 kmers in total. Among them 57404 (52.7698%) are singletons.
  0:00:00.740     4M / 531M  INFO    General                 (main.cpp                  : 174)   Subclustering Hamming graph
  0:00:00.787     4M / 531M  INFO   Hamming Subclustering    (kmer_cluster.cpp          : 637)   Subclustering done. Total 0 non-read kmers were generated.
  0:00:00.787     4M / 531M  INFO   Hamming Subclustering    (kmer_cluster.cpp          : 638)   Subclustering statistics:
  0:00:00.787     4M / 531M  INFO   Hamming Subclustering    (kmer_cluster.cpp          : 639)     Total singleton hamming clusters: 5530. Among them 3710 (67.0886%) are good
  0:00:00.787     4M / 531M  INFO   Hamming Subclustering    (kmer_cluster.cpp          : 640)     Total singleton subclusters: 6. Among them 6 (100%) are good
  0:00:00.787     4M / 531M  INFO   Hamming Subclustering    (kmer_cluster.cpp          : 641)     Total non-singleton subcluster centers: 30074. Among them 29774 (99.0025%) are good
  0:00:00.787     4M / 531M  INFO   Hamming Subclustering    (kmer_cluster.cpp          : 642)     Average size of non-trivial subcluster: 3.43326 kmers
  0:00:00.787     4M / 531M  INFO   Hamming Subclustering    (kmer_cluster.cpp          : 643)     Average number of sub-clusters per non-singleton cluster: 1.01856
  0:00:00.787     4M / 531M  INFO   Hamming Subclustering    (kmer_cluster.cpp          : 644)     Total solid k-mers: 33490
  0:00:00.787     4M / 531M  INFO   Hamming Subclustering    (kmer_cluster.cpp          : 645)     Substitution probabilities: (     0.998094   0.00051862  0.000589021  0.000797877 )
(  0.000704301     0.889305  0.000295164     0.109696 )
(     0.109683  0.000274718     0.889338   0.00070433 )
(  0.000802574  0.000574943  0.000520969     0.998102 )
  0:00:00.795     4M / 531M  INFO    General                 (main.cpp                  : 179)   Finished clustering.
  0:00:00.795     4M / 531M  INFO    General                 (main.cpp                  : 198)   Starting solid k-mers expansion in 16 threads.
  0:00:00.848     4M / 531M  INFO    General                 (main.cpp                  : 219)   Solid k-mers iteration 0 produced 36 new k-mers.
  0:00:00.895     4M / 531M  INFO    General                 (main.cpp                  : 219)   Solid k-mers iteration 1 produced 0 new k-mers.
  0:00:00.895     4M / 531M  INFO    General                 (main.cpp                  : 223)   Solid k-mers finalized
  0:00:00.895     4M / 531M  INFO    General                 (hammer_tools.cpp          : 226)   Starting read correction in 16 threads.
  0:00:00.895     4M / 531M  INFO    General                 (hammer_tools.cpp          : 270)   Correcting single reads: "/projects/wintherpedersen/people/bfj994/keelime/data/PB5myaHigh_fin_25000.fq.gz"
  0:00:00.975   181M / 531M  INFO    General                 (hammer_tools.cpp          : 131)   Prepared batch 0 of 24994 reads.
  0:00:00.996   183M / 531M  INFO    General                 (hammer_tools.cpp          : 136)   Processed batch 0
  0:00:01.014   183M / 531M  INFO    General                 (hammer_tools.cpp          : 140)   Written batch 0
  0:00:01.089     4M / 531M  INFO    General                 (hammer_tools.cpp          : 280)   Correction done. Changed 1601 bases in 1564 reads.
  0:00:01.089     4M / 531M  INFO    General                 (hammer_tools.cpp          : 281)   Failed to correct 0 bases out of 1086327.
  0:00:01.089     1M / 531M  INFO    General                 (main.cpp                  : 256)   Saving corrected dataset description to /maps/projects/wintherpedersen/people/bfj994/keelime/sim/PB5myaHigh_fin_25000_spades/corrected/corrected.yaml
  0:00:01.118     1M / 531M  INFO    General                 (main.cpp                  : 263)   All done. Exiting.

===== Read error correction finished. 


===== corrected reads compression started. 


== Running: /home/bfj994/miniconda3/envs/denovo/bin/python3 /home/bfj994/miniconda3/envs/denovo/share/spades/spades_pipeline/scripts/compress_all.py --input_file /maps/projects/wintherpedersen/people/bfj994/keelime/sim/PB5myaHigh_fin_25000_spades/corrected/corrected.yaml --ext_python_modules_home /home/bfj994/miniconda3/envs/denovo/share/spades --max_threads 16 --output_dir /maps/projects/wintherpedersen/people/bfj994/keelime/sim/PB5myaHigh_fin_25000_spades/corrected --gzip_output

== Compressing corrected reads (with pigz)
== Files to compress: ['/maps/projects/wintherpedersen/people/bfj994/keelime/sim/PB5myaHigh_fin_25000_spades/corrected/PB5myaHigh_fin_25000.fq00.0_0.cor.fastq']
== Files compression is finished
== Dataset yaml file is updated

===== corrected reads compression finished. 


===== Read error correction finished. 


===== Assembling started. 


===== K21 started. 


== Running: /home/bfj994/miniconda3/envs/denovo/bin/spades-core /maps/projects/wintherpedersen/people/bfj994/keelime/sim/PB5myaHigh_fin_25000_spades/K21/configs/config.info

  0:00:00.000     1M / 19M   INFO    General                 (main.cpp                  :  94)   Loaded config from "/maps/projects/wintherpedersen/people/bfj994/keelime/sim/PB5myaHigh_fin_25000_spades/K21/configs/config.info"
  0:00:00.001     1M / 19M   INFO    General                 (memory_limit.cpp          :  55)   Memory limit set to 250 Gb
  0:00:00.001     1M / 19M   INFO    General                 (main.cpp                  : 102)   Starting SPAdes, built from N/A, git revision N/A
  0:00:00.001     1M / 19M   INFO    General                 (main.cpp                  : 103)   Maximum k-mer length: 128
  0:00:00.001     1M / 19M   INFO    General                 (main.cpp                  : 104)   Assembling dataset ("/maps/projects/wintherpedersen/people/bfj994/keelime/sim/PB5myaHigh_fin_25000_spades/dataset.info") with K=21
  0:00:00.001     1M / 19M   INFO    General                 (main.cpp                  : 105)   Maximum # of threads to use (adjusted due to OMP capabilities): 16
  0:00:00.002     1M / 19M   INFO    General                 (pipeline.cpp              : 221)   SPAdes started
  0:00:00.002     1M / 19M   INFO    General                 (pipeline.cpp              : 234)   Starting from stage: read_conversion
  0:00:00.002     1M / 19M   INFO    General                 (pipeline.cpp              : 245)   Two-step repeat resolution disabled
  0:00:00.002     1M / 19M   INFO   GraphCore                (graph_core.hpp            : 689)   Graph created, vertex min_id: 3, edge min_id: 3
  0:00:00.002     1M / 19M   INFO   GraphCore                (graph_core.hpp            : 690)   Vertex size: 48, edge size: 40
  0:00:00.002     1M / 19M   INFO    General                 (edge_index.hpp            : 132)   Size of edge index entries: 12/8
  0:00:00.002     1M / 19M   INFO    General                 (pipeline.cpp              : 256)   Will need read mapping, kmer mapper will be attached
  0:00:00.002     1M / 19M   INFO   StageManager             (stage.cpp                 : 212)   STAGE == Binary Read Conversion (id: read_conversion)
  0:00:00.007     1M / 19M   INFO    General                 (read_converter.cpp        :  78)   Converting reads to binary format for library #0 (takes a while)
  0:00:00.007     1M / 19M   INFO    General                 (read_converter.cpp        :  99)   Converting paired reads
  0:00:00.019    29M / 38M   INFO    General                 (binary_converter.cpp      : 143)   0 reads written
  0:00:00.020     1M / 38M   INFO    General                 (read_converter.cpp        : 113)   Converting single reads
  0:00:00.098    40M / 52M   INFO    General                 (binary_converter.cpp      : 127)   16384 reads processed
  0:00:00.124    40M / 52M   INFO    General                 (binary_converter.cpp      : 143)   23791 reads written
  0:00:00.126    26M / 52M   INFO    General                 (read_converter.cpp        : 119)   Converting merged reads
  0:00:00.132    39M / 52M   INFO    General                 (binary_converter.cpp      : 143)   0 reads written
  0:00:00.173     1M / 52M   INFO   StageManager             (stage.cpp                 : 212)   STAGE == de Bruijn graph construction (id: construction)
  0:00:00.186     1M / 52M   INFO    General                 (construction.cpp          : 150)   Max read length 167
  0:00:00.187     1M / 52M   INFO    General                 (construction.cpp          : 156)   Average read length 45.0074
  0:00:00.187     1M / 52M   INFO    General                 (stage.cpp                 : 121)   PROCEDURE == k+1-mer counting (id: construction:kpomer_counting)
  0:00:00.187     1M / 52M   INFO    General                 (kmer_index_builder.hpp    : 308)   Splitting kmer instances into 160 files using 16 threads. This might take a while.
  0:00:00.403     1M / 52M   INFO    General                 (file_limit.hpp            :  43)   Open file limit set to 1024
  0:00:00.404     1M / 52M   INFO    General                 (kmer_splitter.hpp         :  96)   Memory available for splitting buffers: 5.20833 Gb
  0:00:00.404     1M / 52M   INFO    General                 (kmer_splitter.hpp         : 104)   Using cell size of 419430
  0:00:02.902  9601M / 9601M INFO    General                 (kmer_splitters.hpp        : 128)   Processed 47582 reads
  0:00:02.906     1M / 5183M INFO    General                 (kmer_splitters.hpp        : 134)   Used 47582 reads
  0:00:02.913     1M / 5183M INFO    General                 (kmer_index_builder.hpp    : 314)   Starting k-mer counting.
  0:00:04.292     1M / 5183M INFO    General                 (kmer_index_builder.hpp    : 325)   K-mer counting done. There are 33875 kmers in total.
  0:00:04.292     1M / 5183M INFO    General                 (stage.cpp                 : 121)   PROCEDURE == Extension index construction (id: construction:extension_index_construction)
  0:00:04.346     1M / 5183M INFO   K-mer Index Building     (kmer_index_builder.hpp    : 503)   Building kmer index
  0:00:04.346     1M / 5183M INFO    General                 (kmer_index_builder.hpp    : 308)   Splitting kmer instances into 160 files using 16 threads. This might take a while.
  0:00:04.621     2M / 5183M INFO    General                 (file_limit.hpp            :  43)   Open file limit set to 1024
  0:00:04.622     2M / 5183M INFO    General                 (kmer_splitter.hpp         :  96)   Memory available for splitting buffers: 5.20831 Gb
  0:00:04.622     2M / 5183M INFO    General                 (kmer_splitter.hpp         : 104)   Using cell size of 419430
  0:00:07.417  9602M / 9602M INFO    General                 (kmer_splitters.hpp        : 197)   Processed 33875 kmers
  0:00:07.417  9602M / 9602M INFO    General                 (kmer_splitters.hpp        : 202)   Used 33875 kmers.
  0:00:07.421     2M / 5214M INFO    General                 (kmer_index_builder.hpp    : 314)   Starting k-mer counting.
  0:00:08.538     2M / 5214M INFO    General                 (kmer_index_builder.hpp    : 325)   K-mer counting done. There are 33848 kmers in total.
  0:00:08.538     2M / 5214M INFO   K-mer Index Building     (kmer_index_builder.hpp    : 460)   Building perfect hash indices
  0:00:08.580     2M / 5214M INFO   K-mer Index Building     (kmer_index_builder.hpp    : 496)   Index built. Total 33848 kmers, 148584 bytes occupied (35.1179 bits per kmer).
  0:00:08.580     2M / 5214M INFO    General                 (kmer_index_builder.hpp    : 191)   Merging final buckets.
  0:00:09.226     2M / 5214M INFO   DeBruijnExtensionIndexBu (kmer_extension_index_build: 101)   Building k-mer extensions from k+1-mers
  0:00:09.237     2M / 5214M INFO   DeBruijnExtensionIndexBu (kmer_extension_index_build: 106)   Building k-mer extensions from k+1-mers finished.
  0:00:09.240     2M / 5214M INFO    General                 (stage.cpp                 : 121)   PROCEDURE == Condensing graph (id: construction:graph_condensing)
  0:00:09.242     2M / 5214M INFO   UnbranchingPathExtractor (debruijn_graph_constructor: 324)   Extracting unbranching paths
  0:00:09.246     2M / 5214M INFO   UnbranchingPathExtractor (debruijn_graph_constructor: 348)   Extracting unbranching paths finished. 10428 sequences extracted
  0:00:09.249     2M / 5214M INFO   UnbranchingPathExtractor (debruijn_graph_constructor: 362)   Collecting perfect loops
  0:00:09.251     2M / 5214M INFO   UnbranchingPathExtractor (debruijn_graph_constructor: 395)   Collecting perfect loops finished. 0 loops collected
  0:00:09.252     2M / 5214M INFO   DeBruijnGraphConstructor (debruijn_graph_constructor: 593)   Sorting edges...
  0:00:09.252     2M / 5214M INFO   DeBruijnGraphConstructor (debruijn_graph_constructor: 598)   Edges sorted
  0:00:09.252     2M / 5214M INFO    General                 (debruijn_graph_constructor: 511)   Total 20856 edges to create
  0:00:09.252     3M / 5214M INFO    General                 (debruijn_graph_constructor: 514)   Collecting link records
  0:00:09.269     3M / 5214M INFO    General                 (debruijn_graph_constructor: 519)   Ordering link records
  0:00:09.269     3M / 5214M INFO    General                 (debruijn_graph_constructor: 525)   Sorting done
  0:00:09.270     3M / 5214M INFO    General                 (debruijn_graph_constructor: 538)   Sorting LinkRecords...
  0:00:09.270     3M / 5214M INFO    General                 (debruijn_graph_constructor: 544)   LinkRecords sorted
  0:00:09.270     3M / 5214M INFO    General                 (debruijn_graph_constructor: 546)   Total 10401 vertices to create
  0:00:09.270     4M / 5214M INFO    General                 (debruijn_graph_constructor: 549)   Connecting the graph
  0:00:09.289     4M / 5214M INFO    General                 (stage.cpp                 : 121)   PROCEDURE == Filling coverage indices (PHM) (id: construction:coverage_filling_phm)
  0:00:09.289     4M / 5214M INFO   K-mer Index Building     (kmer_index_builder.hpp    : 460)   Building perfect hash indices
  0:00:09.322     4M / 5214M INFO   K-mer Index Building     (kmer_index_builder.hpp    : 496)   Index built. Total 33875 kmers, 148520 bytes occupied (35.0748 bits per kmer).
  0:00:09.323     4M / 5214M INFO    General                 (coverage_hash_map_builder.:  49)   Collecting k-mer coverage information from reads, this takes a while.
  0:00:09.336     4M / 5214M INFO    General                 (construction.cpp          : 400)   Filling coverage and flanking coverage from PHM
  0:00:09.338     4M / 5214M INFO    General                 (coverage_filling.hpp      :  83)   Processed 20856 edges
  0:00:09.687     3M / 5214M INFO   StageManager             (stage.cpp                 : 212)   STAGE == EC Threshold Finding (id: ec_threshold_finder)
  0:00:09.688     3M / 5214M INFO    General                 (kmer_coverage_model.cpp   : 182)   Kmer coverage valley at: 7
  0:00:09.688     3M / 5214M INFO    General                 (kmer_coverage_model.cpp   : 202)   K-mer histogram maximum: 31
  0:00:09.688     3M / 5214M INFO    General                 (kmer_coverage_model.cpp   : 238)   Estimated median coverage: 32. Coverage mad: 7.413
  0:00:09.688     3M / 5214M INFO    General                 (kmer_coverage_model.cpp   : 260)   Fitting coverage model
  0:00:09.715     3M / 5214M INFO    General                 (kmer_coverage_model.cpp   : 296)   ... iteration 2
  0:00:09.784     3M / 5214M INFO    General                 (kmer_coverage_model.cpp   : 296)   ... iteration 4
  0:00:09.954     3M / 5214M INFO    General                 (kmer_coverage_model.cpp   : 296)   ... iteration 8
  0:00:10.043     3M / 5214M INFO    General                 (kmer_coverage_model.cpp   : 310)   Fitted mean coverage: 32.2496. Fitted coverage std. dev: 5.80739
  0:00:10.045     3M / 5214M INFO    General                 (kmer_coverage_model.cpp   : 335)   Probability of erroneous kmer at valley: 0.996747
  0:00:10.045     3M / 5214M INFO    General                 (kmer_coverage_model.cpp   : 359)   Preliminary threshold calculated as: 13
  0:00:10.045     3M / 5214M INFO    General                 (kmer_coverage_model.cpp   : 363)   Threshold adjusted to: 13
  0:00:10.045     3M / 5214M INFO    General                 (kmer_coverage_model.cpp   : 376)   Estimated genome size (ignoring repeats): 16865
  0:00:10.045     3M / 5214M INFO    General                 (genomic_info_filler.cpp   :  56)   Mean coverage was calculated as 32.2496
  0:00:10.045     3M / 5214M INFO    General                 (genomic_info_filler.cpp   :  71)   EC coverage threshold value was calculated as 13
  0:00:10.045     3M / 5214M INFO    General                 (genomic_info_filler.cpp   :  72)   Trusted kmer low bound: 0
  0:00:10.045     3M / 5214M INFO   StageManager             (stage.cpp                 : 212)   STAGE == Gap Closer (id: early_gapcloser)
  0:00:10.045     3M / 5214M INFO    General                 (gap_closer.cpp            : 484)   No paired-end libraries exist, skipping gap closer
  0:00:10.045     3M / 5214M INFO   StageManager             (stage.cpp                 : 212)   STAGE == Raw Simplification (id: raw_simplification)
  0:00:10.045     3M / 5214M INFO    General                 (simplification.cpp        : 129)   PROCEDURE == Initial cleaning
  0:00:10.045     3M / 5214M INFO    General                 (graph_simplification.hpp  : 674)   Flanking coverage based disconnection disabled
  0:00:10.045     3M / 5214M INFO   Simplification           (parallel_processing.hpp   : 168)   Running Self conjugate edge remover
  0:00:10.046     3M / 5214M INFO   Simplification           (parallel_processing.hpp   : 171)   Self conjugate edge remover triggered 0 times
  0:00:10.046     3M / 5214M INFO   Simplification           (parallel_processing.hpp   : 168)   Running Initial tip clipper
  0:00:10.066     3M / 5214M INFO   Simplification           (parallel_processing.hpp   : 171)   Initial tip clipper triggered 5357 times
  0:00:10.066     3M / 5214M INFO   Simplification           (parallel_processing.hpp   : 168)   Running Initial ec remover
  0:00:10.067     3M / 5214M INFO   Simplification           (parallel_processing.hpp   : 171)   Initial ec remover triggered 15 times
  0:00:10.067     3M / 5214M INFO   Simplification           (parallel_processing.hpp   : 168)   Running Initial isolated edge remover
  0:00:10.067     3M / 5214M INFO   Simplification           (parallel_processing.hpp   : 171)   Initial isolated edge remover triggered 0 times
  0:00:10.067     2M / 5214M INFO   StageManager             (stage.cpp                 : 212)   STAGE == Simplification (id: simplification)
  0:00:10.067     2M / 5214M INFO    General                 (simplification.cpp        : 397)   Graph simplification started
  0:00:10.067     2M / 5214M INFO    General                 (graph_simplification.hpp  : 646)   Creating parallel br instance
  0:00:10.067     2M / 5214M INFO    General                 (simplification.cpp        : 402)   PROCEDURE == Simplification cycle, iteration 1
  0:00:10.067     2M / 5214M INFO   Simplification           (parallel_processing.hpp   : 168)   Running Tip clipper
  0:00:10.068     2M / 5214M INFO   Simplification           (parallel_processing.hpp   : 171)   Tip clipper triggered 6 times
  0:00:10.068     2M / 5214M INFO   Simplification           (parallel_processing.hpp   : 168)   Running Bulge remover
  0:00:10.068     2M / 5214M INFO   Simplification           (parallel_processing.hpp   : 171)   Bulge remover triggered 0 times
  0:00:10.068     2M / 5214M INFO   Simplification           (parallel_processing.hpp   : 168)   Running Low coverage edge remover
  0:00:10.068     2M / 5214M INFO   Simplification           (parallel_processing.hpp   : 171)   Low coverage edge remover triggered 0 times
  0:00:10.068     2M / 5214M INFO    General                 (simplification.cpp        : 402)   PROCEDURE == Simplification cycle, iteration 2
  0:00:10.068     2M / 5214M INFO   Simplification           (parallel_processing.hpp   : 168)   Running Tip clipper
  0:00:10.068     2M / 5214M INFO   Simplification           (parallel_processing.hpp   : 171)   Tip clipper triggered 0 times
  0:00:10.069     2M / 5214M INFO   Simplification           (parallel_processing.hpp   : 168)   Running Bulge remover
  0:00:10.069     2M / 5214M INFO   Simplification           (parallel_processing.hpp   : 171)   Bulge remover triggered 0 times
  0:00:10.069     2M / 5214M INFO   Simplification           (parallel_processing.hpp   : 168)   Running Low coverage edge remover
  0:00:10.069     2M / 5214M INFO   Simplification           (parallel_processing.hpp   : 171)   Low coverage edge remover triggered 0 times
  0:00:10.069     2M / 5214M INFO    General                 (simplification.cpp        : 402)   PROCEDURE == Simplification cycle, iteration 3
  0:00:10.069     2M / 5214M INFO   Simplification           (parallel_processing.hpp   : 168)   Running Tip clipper
  0:00:10.069     2M / 5214M INFO   Simplification           (parallel_processing.hpp   : 171)   Tip clipper triggered 0 times
  0:00:10.069     2M / 5214M INFO   Simplification           (parallel_processing.hpp   : 168)   Running Bulge remover
  0:00:10.069     2M / 5214M INFO   Simplification           (parallel_processing.hpp   : 171)   Bulge remover triggered 0 times
  0:00:10.069     2M / 5214M INFO   Simplification           (parallel_processing.hpp   : 168)   Running Low coverage edge remover
  0:00:10.069     2M / 5214M INFO   Simplification           (parallel_processing.hpp   : 171)   Low coverage edge remover triggered 2 times
  0:00:10.069     2M / 5214M INFO    General                 (simplification.cpp        : 402)   PROCEDURE == Simplification cycle, iteration 4
  0:00:10.069     2M / 5214M INFO   Simplification           (parallel_processing.hpp   : 168)   Running Tip clipper
  0:00:10.069     2M / 5214M INFO   Simplification           (parallel_processing.hpp   : 171)   Tip clipper triggered 2 times
  0:00:10.069     2M / 5214M INFO   Simplification           (parallel_processing.hpp   : 168)   Running Bulge remover
  0:00:10.069     2M / 5214M INFO   Simplification           (parallel_processing.hpp   : 171)   Bulge remover triggered 1 times
  0:00:10.069     2M / 5214M INFO   Simplification           (parallel_processing.hpp   : 168)   Running Low coverage edge remover
  0:00:10.069     2M / 5214M INFO   Simplification           (parallel_processing.hpp   : 171)   Low coverage edge remover triggered 0 times
  0:00:10.069     2M / 5214M INFO    General                 (simplification.cpp        : 402)   PROCEDURE == Simplification cycle, iteration 5
  0:00:10.069     2M / 5214M INFO   Simplification           (parallel_processing.hpp   : 168)   Running Tip clipper
  0:00:10.069     2M / 5214M INFO   Simplification           (parallel_processing.hpp   : 171)   Tip clipper triggered 0 times
  0:00:10.069     2M / 5214M INFO   Simplification           (parallel_processing.hpp   : 168)   Running Bulge remover
  0:00:10.069     2M / 5214M INFO   Simplification           (parallel_processing.hpp   : 171)   Bulge remover triggered 0 times
  0:00:10.069     2M / 5214M INFO   Simplification           (parallel_processing.hpp   : 168)   Running Low coverage edge remover
  0:00:10.069     2M / 5214M INFO   Simplification           (parallel_processing.hpp   : 171)   Low coverage edge remover triggered 0 times
  0:00:10.069     2M / 5214M INFO    General                 (simplification.cpp        : 402)   PROCEDURE == Simplification cycle, iteration 6
  0:00:10.069     2M / 5214M INFO   Simplification           (parallel_processing.hpp   : 168)   Running Tip clipper
  0:00:10.069     2M / 5214M INFO   Simplification           (parallel_processing.hpp   : 171)   Tip clipper triggered 0 times
  0:00:10.069     2M / 5214M INFO   Simplification           (parallel_processing.hpp   : 168)   Running Bulge remover
  0:00:10.069     2M / 5214M INFO   Simplification           (parallel_processing.hpp   : 171)   Bulge remover triggered 0 times
  0:00:10.070     2M / 5214M INFO   Simplification           (parallel_processing.hpp   : 168)   Running Low coverage edge remover
  0:00:10.070     2M / 5214M INFO   Simplification           (parallel_processing.hpp   : 171)   Low coverage edge remover triggered 0 times
  0:00:10.070     2M / 5214M INFO    General                 (simplification.cpp        : 402)   PROCEDURE == Simplification cycle, iteration 7
  0:00:10.070     2M / 5214M INFO   Simplification           (parallel_processing.hpp   : 168)   Running Tip clipper
  0:00:10.070     2M / 5214M INFO   Simplification           (parallel_processing.hpp   : 171)   Tip clipper triggered 0 times
  0:00:10.070     2M / 5214M INFO   Simplification           (parallel_processing.hpp   : 168)   Running Bulge remover
  0:00:10.070     2M / 5214M INFO   Simplification           (parallel_processing.hpp   : 171)   Bulge remover triggered 0 times
  0:00:10.070     2M / 5214M INFO   Simplification           (parallel_processing.hpp   : 168)   Running Low coverage edge remover
  0:00:10.070     2M / 5214M INFO   Simplification           (parallel_processing.hpp   : 171)   Low coverage edge remover triggered 0 times
  0:00:10.070     2M / 5214M INFO    General                 (simplification.cpp        : 402)   PROCEDURE == Simplification cycle, iteration 8
  0:00:10.070     2M / 5214M INFO   Simplification           (parallel_processing.hpp   : 168)   Running Tip clipper
  0:00:10.070     2M / 5214M INFO   Simplification           (parallel_processing.hpp   : 171)   Tip clipper triggered 0 times
  0:00:10.070     2M / 5214M INFO   Simplification           (parallel_processing.hpp   : 168)   Running Bulge remover
  0:00:10.070     2M / 5214M INFO   Simplification           (parallel_processing.hpp   : 171)   Bulge remover triggered 0 times
  0:00:10.070     2M / 5214M INFO   Simplification           (parallel_processing.hpp   : 168)   Running Low coverage edge remover
  0:00:10.070     2M / 5214M INFO   Simplification           (parallel_processing.hpp   : 171)   Low coverage edge remover triggered 0 times
  0:00:10.070     2M / 5214M INFO    General                 (simplification.cpp        : 402)   PROCEDURE == Simplification cycle, iteration 9
  0:00:10.070     2M / 5214M INFO   Simplification           (parallel_processing.hpp   : 168)   Running Tip clipper
  0:00:10.070     2M / 5214M INFO   Simplification           (parallel_processing.hpp   : 171)   Tip clipper triggered 0 times
  0:00:10.070     2M / 5214M INFO   Simplification           (parallel_processing.hpp   : 168)   Running Bulge remover
  0:00:10.070     2M / 5214M INFO   Simplification           (parallel_processing.hpp   : 171)   Bulge remover triggered 0 times
  0:00:10.070     2M / 5214M INFO   Simplification           (parallel_processing.hpp   : 168)   Running Low coverage edge remover
  0:00:10.070     2M / 5214M INFO   Simplification           (parallel_processing.hpp   : 171)   Low coverage edge remover triggered 0 times
  0:00:10.070     2M / 5214M INFO    General                 (simplification.cpp        : 402)   PROCEDURE == Simplification cycle, iteration 10
  0:00:10.070     2M / 5214M INFO   Simplification           (parallel_processing.hpp   : 168)   Running Tip clipper
  0:00:10.070     2M / 5214M INFO   Simplification           (parallel_processing.hpp   : 171)   Tip clipper triggered 0 times
  0:00:10.070     2M / 5214M INFO   Simplification           (parallel_processing.hpp   : 168)   Running Bulge remover
  0:00:10.070     2M / 5214M INFO   Simplification           (parallel_processing.hpp   : 171)   Bulge remover triggered 0 times
  0:00:10.070     2M / 5214M INFO   Simplification           (parallel_processing.hpp   : 168)   Running Low coverage edge remover
  0:00:10.070     2M / 5214M INFO   Simplification           (parallel_processing.hpp   : 171)   Low coverage edge remover triggered 0 times
  0:00:10.070     2M / 5214M INFO    General                 (simplification.cpp        : 402)   PROCEDURE == Simplification cycle, iteration 11
  0:00:10.070     2M / 5214M INFO   Simplification           (parallel_processing.hpp   : 168)   Running Tip clipper
  0:00:10.070     2M / 5214M INFO   Simplification           (parallel_processing.hpp   : 171)   Tip clipper triggered 0 times
  0:00:10.070     2M / 5214M INFO   Simplification           (parallel_processing.hpp   : 168)   Running Bulge remover
  0:00:10.071     2M / 5214M INFO   Simplification           (parallel_processing.hpp   : 171)   Bulge remover triggered 0 times
  0:00:10.071     2M / 5214M INFO   Simplification           (parallel_processing.hpp   : 168)   Running Low coverage edge remover
  0:00:10.071     2M / 5214M INFO   Simplification           (parallel_processing.hpp   : 171)   Low coverage edge remover triggered 0 times
  0:00:10.071     2M / 5214M INFO   StageManager             (stage.cpp                 : 212)   STAGE == Gap Closer (id: late_gapcloser)
  0:00:10.071     2M / 5214M INFO    General                 (gap_closer.cpp            : 484)   No paired-end libraries exist, skipping gap closer
  0:00:10.071     2M / 5214M INFO   StageManager             (stage.cpp                 : 212)   STAGE == Simplification Cleanup (id: simplification_cleanup)
  0:00:10.071     2M / 5214M INFO    General                 (simplification.cpp        : 189)   PROCEDURE == Post simplification
  0:00:10.071     2M / 5214M INFO    General                 (graph_simplification.hpp  : 455)   Disconnection of relatively low covered edges disabled
  0:00:10.071     2M / 5214M INFO    General                 (graph_simplification.hpp  : 494)   Complex tip clipping disabled
  0:00:10.071     2M / 5214M INFO    General                 (graph_simplification.hpp  : 646)   Creating parallel br instance
  0:00:10.072     2M / 5214M INFO   Simplification           (parallel_processing.hpp   : 168)   Running Tip clipper
  0:00:10.072     2M / 5214M INFO   Simplification           (parallel_processing.hpp   : 171)   Tip clipper triggered 0 times
  0:00:10.072     2M / 5214M INFO   Simplification           (parallel_processing.hpp   : 168)   Running Bulge remover
  0:00:10.072     2M / 5214M INFO   Simplification           (parallel_processing.hpp   : 171)   Bulge remover triggered 0 times
  0:00:10.072     2M / 5214M INFO   Simplification           (parallel_processing.hpp   : 168)   Running Tip clipper
  0:00:10.072     2M / 5214M INFO   Simplification           (parallel_processing.hpp   : 171)   Tip clipper triggered 0 times
  0:00:10.072     2M / 5214M INFO   Simplification           (parallel_processing.hpp   : 168)   Running Bulge remover
  0:00:10.072     2M / 5214M INFO   Simplification           (parallel_processing.hpp   : 171)   Bulge remover triggered 0 times
  0:00:10.073     2M / 5214M INFO    General                 (simplification.cpp        : 348)   Disrupting self-conjugate edges
  0:00:10.073     2M / 5214M INFO   Simplification           (parallel_processing.hpp   : 168)   Running Removing isolated edges
  0:00:10.073     2M / 5214M INFO   Simplification           (parallel_processing.hpp   : 171)   Removing isolated edges triggered 0 times
  0:00:10.073     2M / 5214M INFO    General                 (simplification.cpp        : 508)   After simplification:
  0:00:10.073     2M / 5214M INFO    General                 (simplification.cpp        : 509)     Average coverage = 32.4042
  0:00:10.073     2M / 5214M INFO    General                 (simplification.cpp        : 510)     Total length = 16870
  0:00:10.073     2M / 5214M INFO    General                 (simplification.cpp        : 511)     Median edge length: 13678
  0:00:10.073     2M / 5214M INFO    General                 (simplification.cpp        : 512)     Edges: 52
  0:00:10.073     2M / 5214M INFO    General                 (simplification.cpp        : 513)     Vertices: 34
  0:00:10.073     2M / 5214M INFO   StageManager             (stage.cpp                 : 212)   STAGE == Mismatch Correction (id: mismatch_correction)
  0:00:10.073     2M / 5214M INFO    General                 (graph_pack_helpers.cpp    :  44)   Index refill
  0:00:10.073     2M / 5214M INFO    General                 (edge_index.hpp            : 175)   Using small index (max_id = 20963)
  0:00:10.074     2M / 5214M INFO   K-mer Index Building     (kmer_index_builder.hpp    : 460)   Building perfect hash indices
  0:00:10.079     2M / 5214M INFO   K-mer Index Building     (kmer_index_builder.hpp    : 496)   Index built. Total 16870 kmers, 12944 bytes occupied (6.13823 bits per kmer).
  0:00:10.079     3M / 5214M INFO    General                 (edge_index_builders.hpp   : 253)   Collecting edge information from graph, this takes a while.
  0:00:10.081     3M / 5214M INFO    General                 (graph_pack_helpers.cpp    :  54)   Normalizing k-mer map. Total 44 kmers to process
  0:00:10.081     3M / 5214M INFO    General                 (kmer_mapper.hpp           :  87)   Total 0 kmers with non-trivial roots
  0:00:10.081     3M / 5214M INFO    General                 (graph_pack_helpers.cpp    :  56)   Normalizing done
  0:00:10.081     3M / 5214M INFO    General                 (mismatch_correction.cpp   : 421)   Collect potential mismatches
  0:00:10.084     3M / 5214M INFO    General                 (mismatch_correction.cpp   : 213)   Total 14 edges (out of 52) with 14 potential mismatch positions (1 positions per edge)
  0:00:10.084     3M / 5214M INFO    General                 (mismatch_correction.cpp   : 423)   Potential mismatches collected
  0:00:10.095     3M / 5214M INFO    General                 (sequence_mapper_notifier.h:  80)   Starting sequence mapping
  0:00:10.115     3M / 5214M INFO    General                 (sequence_mapper_notifier.h: 120)   Total 47582 reads processed
  0:00:10.116     3M / 5214M INFO    General                 (mismatch_correction.cpp   : 416)   All edges processed
  0:00:10.116     3M / 5214M INFO    General                 (mismatch_correction.cpp   : 471)   Corrected 0 nucleotides
  0:00:10.116     3M / 5214M INFO   StageManager             (stage.cpp                 : 212)   STAGE == Contig Output (id: contig_output)
  0:00:10.116     3M / 5214M INFO    General                 (contig_output.hpp         :  20)   Outputting contigs to "/maps/projects/wintherpedersen/people/bfj994/keelime/sim/PB5myaHigh_fin_25000_spades/K21/before_rr.fasta"
  0:00:10.141     3M / 5214M INFO    General                 (contig_output_stage.cpp   : 159)   Writing GFA graph to "/maps/projects/wintherpedersen/people/bfj994/keelime/sim/PB5myaHigh_fin_25000_spades/K21/assembly_graph_after_simplification.gfa"
  0:00:10.149     3M / 5214M INFO   StageManager             (stage.cpp                 : 212)   STAGE == Paired Information Counting (id: late_pair_info_count)
  0:00:10.150     3M / 5214M INFO    General                 (graph_pack_helpers.cpp    :  54)   Normalizing k-mer map. Total 44 kmers to process
  0:00:10.150     3M / 5214M INFO    General                 (graph_pack_helpers.cpp    :  56)   Normalizing done
  0:00:10.150     3M / 5214M INFO    General                 (pair_info_count.cpp       : 165)   Min edge length for estimation: 13678
  0:00:10.150     3M / 5214M INFO    General                 (pair_info_count.cpp       : 235)   Mapping single reads of library #0
  0:00:10.150     3M / 5214M INFO    General                 (pair_info_count.cpp       :  41)   Selecting usual mapper
  0:00:10.161     3M / 5214M INFO    General                 (sequence_mapper_notifier.h:  80)   Starting sequence mapping
  0:00:10.176     3M / 5214M INFO    General                 (sequence_mapper_notifier.h: 120)   Total 23791 reads processed
  0:00:10.176     3M / 5214M INFO    General                 (pair_info_count.cpp       : 237)   Total paths obtained from single reads: 227
  0:00:10.176     3M / 5214M INFO   StageManager             (stage.cpp                 : 212)   STAGE == Distance Estimation (id: distance_estimation)
  0:00:10.176     3M / 5214M INFO   StageManager             (stage.cpp                 : 212)   STAGE == Repeat Resolving (id: repeat_resolving)
  0:00:10.176     3M / 5214M INFO    General                 (repeat_resolving.cpp      :  88)   Using Path-Extend repeat resolving
  0:00:10.176     3M / 5214M INFO    General                 (launcher.cpp              : 632)   ExSPAnder repeat resolving tool started
  0:00:10.178     3M / 5214M INFO    General                 (coverage_uniformity_analyz:  25)   genomic coverage is 32.411 calculated of length 16531
  0:00:10.178     3M / 5214M INFO    General                 (launcher.cpp              : 440)   Creating main extenders, unique edge length = 2000
  0:00:10.178     3M / 5214M INFO    General                 (launcher.cpp              : 358)   filling path container
  0:00:10.179     3M / 5214M INFO    General                 (extenders_logic.cpp       :  54)   resolvable_repeat_length_bound set to 10000
  0:00:10.183     3M / 5214M INFO    General                 (extenders_logic.cpp       : 550)   Using 0 paired-end libraries
  0:00:10.183     3M / 5214M INFO    General                 (extenders_logic.cpp       : 551)   Using 0 paired-end scaffolding libraries
  0:00:10.183     3M / 5214M INFO    General                 (extenders_logic.cpp       : 552)   Using 1 single read library
  0:00:10.183     3M / 5214M INFO    General                 (launcher.cpp              : 469)   Total number of extenders is 1
  0:00:10.183     3M / 5214M INFO    General                 (path_extenders.cpp        :  36)   Processed 0 paths from 24 (0%)
  0:00:10.185     3M / 5214M INFO    General                 (path_extenders.cpp        :  36)   Processed 3 paths from 24 (12%)
  0:00:10.194     3M / 5214M INFO    General                 (path_extenders.cpp        :  36)   Processed 6 paths from 24 (25%)
  0:00:10.194     3M / 5214M INFO    General                 (path_extenders.cpp        :  36)   Processed 9 paths from 24 (37%)
  0:00:10.196     3M / 5214M INFO    General                 (path_extenders.cpp        :  36)   Processed 12 paths from 24 (50%)
  0:00:10.196     3M / 5214M INFO    General                 (path_extenders.cpp        :  36)   Processed 15 paths from 24 (62%)
  0:00:10.196     3M / 5214M INFO    General                 (path_extenders.cpp        :  36)   Processed 18 paths from 24 (75%)
  0:00:10.196     3M / 5214M INFO    General                 (path_extenders.cpp        :  36)   Processed 21 paths from 24 (87%)
  0:00:10.196     3M / 5214M INFO    General                 (launcher.cpp              : 260)   Finalizing paths
  0:00:10.196     3M / 5214M INFO    General                 (launcher.cpp              : 262)   Deduplicating paths
  0:00:10.196     3M / 5214M INFO    General                 (launcher.cpp              : 266)   Paths deduplicated
  0:00:10.196     3M / 5214M INFO   PEResolver               (pe_resolver.cpp           :  70)   Removing overlaps
  0:00:10.196     3M / 5214M INFO   PEResolver               (pe_resolver.cpp           :  73)   Sorting paths
  0:00:10.196     3M / 5214M INFO   PEResolver               (pe_resolver.cpp           :  80)   Marking overlaps
  0:00:10.196     3M / 5214M INFO   OverlapRemover           (overlap_remover.hpp       : 120)   Marking start/end overlaps
  0:00:10.196     3M / 5214M INFO   OverlapRemover           (overlap_remover.hpp       : 123)   Marking remaining overlaps
  0:00:10.196     3M / 5214M INFO   PEResolver               (pe_resolver.cpp           :  83)   Splitting paths
  0:00:10.196     3M / 5214M INFO   PEResolver               (pe_resolver.cpp           :  88)   Deduplicating paths
  0:00:10.196     3M / 5214M INFO   PEResolver               (pe_resolver.cpp           :  90)   Overlaps removed
  0:00:10.197     3M / 5214M INFO    General                 (launcher.cpp              : 283)   Paths finalized
  0:00:10.197     3M / 5214M INFO    General                 (launcher.cpp              : 478)   Closing gaps in paths
  0:00:10.197     3M / 5214M INFO    General                 (launcher.cpp              : 508)   Gap closing completed
  0:00:10.197     3M / 5214M INFO    General                 (launcher.cpp              : 316)   Traversing tandem repeats
  0:00:10.197     3M / 5214M INFO    General                 (launcher.cpp              : 326)   Traversed 0 loops
  0:00:10.197     3M / 5214M INFO    General                 (launcher.cpp              : 260)   Finalizing paths
  0:00:10.197     3M / 5214M INFO    General                 (launcher.cpp              : 262)   Deduplicating paths
  0:00:10.197     3M / 5214M INFO    General                 (launcher.cpp              : 266)   Paths deduplicated
  0:00:10.197     3M / 5214M INFO   PEResolver               (pe_resolver.cpp           :  70)   Removing overlaps
  0:00:10.197     3M / 5214M INFO   PEResolver               (pe_resolver.cpp           :  73)   Sorting paths
  0:00:10.197     3M / 5214M INFO   PEResolver               (pe_resolver.cpp           :  80)   Marking overlaps
  0:00:10.197     3M / 5214M INFO   OverlapRemover           (overlap_remover.hpp       : 120)   Marking start/end overlaps
  0:00:10.197     3M / 5214M INFO   OverlapRemover           (overlap_remover.hpp       : 123)   Marking remaining overlaps
  0:00:10.197     3M / 5214M INFO   PEResolver               (pe_resolver.cpp           :  83)   Splitting paths
  0:00:10.198     3M / 5214M INFO   PEResolver               (pe_resolver.cpp           :  88)   Deduplicating paths
  0:00:10.198     3M / 5214M INFO   PEResolver               (pe_resolver.cpp           :  90)   Overlaps removed
  0:00:10.198     3M / 5214M INFO    General                 (launcher.cpp              : 283)   Paths finalized
  0:00:10.198     3M / 5214M INFO    General                 (launcher.cpp              : 697)   ExSPAnder repeat resolving tool finished
  0:00:10.198     3M / 5214M INFO   StageManager             (stage.cpp                 : 212)   STAGE == Contig Output (id: contig_output)
  0:00:10.198     3M / 5214M INFO    General                 (contig_output.hpp         :  20)   Outputting contigs to "/maps/projects/wintherpedersen/people/bfj994/keelime/sim/PB5myaHigh_fin_25000_spades/K21/before_rr.fasta"
  0:00:10.224     3M / 5214M INFO    General                 (contig_output_stage.cpp   : 159)   Writing GFA graph to "/maps/projects/wintherpedersen/people/bfj994/keelime/sim/PB5myaHigh_fin_25000_spades/K21/assembly_graph_with_scaffolds.gfa"
  0:00:10.224     3M / 5214M INFO    General                 (contig_output_stage.cpp   : 175)   Outputting FastG graph to "/maps/projects/wintherpedersen/people/bfj994/keelime/sim/PB5myaHigh_fin_25000_spades/K21/assembly_graph.fastg"
  0:00:10.229     3M / 5214M INFO    General                 (contig_output_stage.cpp   : 210)   Breaking scaffolds
  0:00:10.229     3M / 5214M INFO    General                 (contig_output_stage.cpp   : 101)   Outputting contigs to /maps/projects/wintherpedersen/people/bfj994/keelime/sim/PB5myaHigh_fin_25000_spades/K21/final_contigs.fasta
  0:00:10.246     3M / 5214M INFO    General                 (contig_output_stage.cpp   : 107)   Outputting FastG paths to /maps/projects/wintherpedersen/people/bfj994/keelime/sim/PB5myaHigh_fin_25000_spades/K21/final_contigs.paths
  0:00:10.253     3M / 5214M INFO    General                 (contig_output_stage.cpp   : 101)   Outputting contigs to /maps/projects/wintherpedersen/people/bfj994/keelime/sim/PB5myaHigh_fin_25000_spades/K21/scaffolds.fasta
  0:00:10.257     3M / 5214M INFO    General                 (contig_output_stage.cpp   : 107)   Outputting FastG paths to /maps/projects/wintherpedersen/people/bfj994/keelime/sim/PB5myaHigh_fin_25000_spades/K21/scaffolds.paths
  0:00:10.261     3M / 5214M INFO    General                 (contig_output_stage.cpp   : 114)   Populating GFA with scaffold paths
  0:00:10.315     3M / 5214M INFO    General                 (pipeline.cpp              : 303)   SPAdes finished
  0:00:10.315     1M / 5214M INFO    General                 (main.cpp                  : 131)   Assembling time: 0 hours 0 minutes 10 seconds

===== K21 finished. 


===== Copy files started. 


== Running: /home/bfj994/miniconda3/envs/denovo/bin/python3 /home/bfj994/miniconda3/envs/denovo/share/spades/spades_pipeline/scripts/copy_files.py /maps/projects/wintherpedersen/people/bfj994/keelime/sim/PB5myaHigh_fin_25000_spades/K21/before_rr.fasta /maps/projects/wintherpedersen/people/bfj994/keelime/sim/PB5myaHigh_fin_25000_spades/before_rr.fasta /maps/projects/wintherpedersen/people/bfj994/keelime/sim/PB5myaHigh_fin_25000_spades/K21/assembly_graph_after_simplification.gfa /maps/projects/wintherpedersen/people/bfj994/keelime/sim/PB5myaHigh_fin_25000_spades/assembly_graph_after_simplification.gfa /maps/projects/wintherpedersen/people/bfj994/keelime/sim/PB5myaHigh_fin_25000_spades/K21/final_contigs.fasta /maps/projects/wintherpedersen/people/bfj994/keelime/sim/PB5myaHigh_fin_25000_spades/contigs.fasta /maps/projects/wintherpedersen/people/bfj994/keelime/sim/PB5myaHigh_fin_25000_spades/K21/first_pe_contigs.fasta /maps/projects/wintherpedersen/people/bfj994/keelime/sim/PB5myaHigh_fin_25000_spades/first_pe_contigs.fasta /maps/projects/wintherpedersen/people/bfj994/keelime/sim/PB5myaHigh_fin_25000_spades/K21/strain_graph.gfa /maps/projects/wintherpedersen/people/bfj994/keelime/sim/PB5myaHigh_fin_25000_spades/strain_graph.gfa /maps/projects/wintherpedersen/people/bfj994/keelime/sim/PB5myaHigh_fin_25000_spades/K21/scaffolds.fasta /maps/projects/wintherpedersen/people/bfj994/keelime/sim/PB5myaHigh_fin_25000_spades/scaffolds.fasta /maps/projects/wintherpedersen/people/bfj994/keelime/sim/PB5myaHigh_fin_25000_spades/K21/scaffolds.paths /maps/projects/wintherpedersen/people/bfj994/keelime/sim/PB5myaHigh_fin_25000_spades/scaffolds.paths /maps/projects/wintherpedersen/people/bfj994/keelime/sim/PB5myaHigh_fin_25000_spades/K21/assembly_graph_with_scaffolds.gfa /maps/projects/wintherpedersen/people/bfj994/keelime/sim/PB5myaHigh_fin_25000_spades/assembly_graph_with_scaffolds.gfa /maps/projects/wintherpedersen/people/bfj994/keelime/sim/PB5myaHigh_fin_25000_spades/K21/assembly_graph.fastg /maps/projects/wintherpedersen/people/bfj994/keelime/sim/PB5myaHigh_fin_25000_spades/assembly_graph.fastg /maps/projects/wintherpedersen/people/bfj994/keelime/sim/PB5myaHigh_fin_25000_spades/K21/final_contigs.paths /maps/projects/wintherpedersen/people/bfj994/keelime/sim/PB5myaHigh_fin_25000_spades/contigs.paths


===== Copy files finished. 


===== Assembling finished. 


===== Breaking scaffolds started. 


== Running: /home/bfj994/miniconda3/envs/denovo/bin/python3 /home/bfj994/miniconda3/envs/denovo/share/spades/spades_pipeline/scripts/breaking_scaffolds_script.py --result_scaffolds_filename /maps/projects/wintherpedersen/people/bfj994/keelime/sim/PB5myaHigh_fin_25000_spades/scaffolds.fasta --misc_dir /maps/projects/wintherpedersen/people/bfj994/keelime/sim/PB5myaHigh_fin_25000_spades/misc --threshold_for_breaking_scaffolds 3


===== Breaking scaffolds finished. 


===== Terminate started. 


===== Terminate finished. 

 * Corrected reads are in /maps/projects/wintherpedersen/people/bfj994/keelime/sim/PB5myaHigh_fin_25000_spades/corrected/
 * Assembled contigs are in /maps/projects/wintherpedersen/people/bfj994/keelime/sim/PB5myaHigh_fin_25000_spades/contigs.fasta
 * Assembled scaffolds are in /maps/projects/wintherpedersen/people/bfj994/keelime/sim/PB5myaHigh_fin_25000_spades/scaffolds.fasta
 * Paths in the assembly graph corresponding to the contigs are in /maps/projects/wintherpedersen/people/bfj994/keelime/sim/PB5myaHigh_fin_25000_spades/contigs.paths
 * Paths in the assembly graph corresponding to the scaffolds are in /maps/projects/wintherpedersen/people/bfj994/keelime/sim/PB5myaHigh_fin_25000_spades/scaffolds.paths
 * Assembly graph is in /maps/projects/wintherpedersen/people/bfj994/keelime/sim/PB5myaHigh_fin_25000_spades/assembly_graph.fastg
 * Assembly graph in GFA format is in /maps/projects/wintherpedersen/people/bfj994/keelime/sim/PB5myaHigh_fin_25000_spades/assembly_graph_with_scaffolds.gfa

======= SPAdes pipeline finished.

SPAdes log can be found here: /maps/projects/wintherpedersen/people/bfj994/keelime/sim/PB5myaHigh_fin_25000_spades/spades.log

Thank you for using SPAdes! If you use it in your research, please cite:

  Prjibelski, A., Antipov, D., Meleshko, D., Lapidus, A. and Korobeynikov, A., 2020. Using SPAdes de novo assembler. Current protocols in bioinformatics, 70(1), p.e102.
  doi.org/10.1002/cpbi.102

