Command line: /home/bfj994/miniconda3/envs/denovo/bin/spades.py	-s	/projects/wintherpedersen/people/bfj994/keelime/data/PB500kHigh_fin_25000.fq.gz	-o	/maps/projects/wintherpedersen/people/bfj994/keelime/sim/PB500kHigh_fin_25000_spades	-k21	

System information:
  SPAdes version: 4.2.0
  Python version: 3.13.3
  OS: Linux-4.18.0-553.40.1.el8_10.x86_64-x86_64-with-glibc2.28

Output dir: /maps/projects/wintherpedersen/people/bfj994/keelime/sim/PB500kHigh_fin_25000_spades
Mode: read error correction and assembling
Debug mode is turned OFF

Dataset parameters:
  Standard mode
  For multi-cell/isolate data we recommend to use '--isolate' option; for single-cell MDA data use '--sc'; for metagenomic data use '--meta'; for RNA-Seq use '--rna'.
  Reads:
    Library number: 1, library type: single
      left reads: not specified
      right reads: not specified
      interlaced reads: not specified
      single reads: ['/projects/wintherpedersen/people/bfj994/keelime/data/PB500kHigh_fin_25000.fq.gz']
      merged reads: not specified
Read error correction parameters:
  Iterations: 1
  PHRED offset will be auto-detected
  Corrected reads will be compressed
Assembly parameters:
  k: [21]
  Repeat resolution is enabled
  Mismatch careful mode is turned OFF
  MismatchCorrector will be SKIPPED
  Coverage cutoff is turned OFF
  Assembly graph output will use GFA v1.2 format
Other parameters:
  Dir for temp files: /maps/projects/wintherpedersen/people/bfj994/keelime/sim/PB500kHigh_fin_25000_spades/tmp
  Threads: 16
  Memory limit (in Gb): 250


======= SPAdes pipeline started. Log can be found here: /maps/projects/wintherpedersen/people/bfj994/keelime/sim/PB500kHigh_fin_25000_spades/spades.log

/projects/wintherpedersen/people/bfj994/keelime/data/PB500kHigh_fin_25000.fq.gz: max reads length: 168

Reads length: 168


===== Before start started. 


===== Read error correction started. 


===== Read error correction started. 


== Running: /home/bfj994/miniconda3/envs/denovo/bin/spades-hammer /maps/projects/wintherpedersen/people/bfj994/keelime/sim/PB500kHigh_fin_25000_spades/corrected/configs/config.info

  0:00:00.000     1M / 19M   INFO    General                 (main.cpp                  :  76)   Starting BayesHammer, built from N/A, git revision N/A
  0:00:00.061     1M / 19M   INFO    General                 (main.cpp                  :  77)   Loading config from "/maps/projects/wintherpedersen/people/bfj994/keelime/sim/PB500kHigh_fin_25000_spades/corrected/configs/config.info"
  0:00:00.109     1M / 19M   INFO    General                 (main.cpp                  :  79)   Maximum # of threads to use (adjusted due to OMP capabilities): 16
  0:00:00.110     1M / 19M   INFO    General                 (memory_limit.cpp          :  55)   Memory limit set to 250 Gb
  0:00:00.110     1M / 19M   INFO    General                 (main.cpp                  :  87)   Trying to determine PHRED offset
  0:00:00.110     1M / 19M   INFO    General                 (main.cpp                  :  93)   Determined value is 64
  0:00:00.111     1M / 19M   INFO    General                 (hammer_tools.cpp          :  40)   Hamming graph threshold tau=1, k=21, subkmer positions = [ 0 10 ]
  0:00:00.111     1M / 19M   INFO    General                 (main.cpp                  : 114)   Size of aux. kmer data 24 bytes
     === ITERATION 0 begins ===
  0:00:00.115     1M / 19M   INFO    General                 (kmer_index_builder.hpp    : 308)   Splitting kmer instances into 16 files using 16 threads. This might take a while.
  0:00:00.141     1M / 19M   INFO    General                 (file_limit.hpp            :  43)   Open file limit set to 1024
  0:00:00.141     1M / 19M   INFO    General                 (kmer_splitter.hpp         :  96)   Memory available for splitting buffers: 5.20833 Gb
  0:00:00.141     1M / 19M   INFO    General                 (kmer_splitter.hpp         : 104)   Using cell size of 4194304
  0:00:00.241  9217M / 9217M INFO   K-mer Splitting          (kmer_data.cpp             :  98)   Processing "/projects/wintherpedersen/people/bfj994/keelime/data/PB500kHigh_fin_25000.fq.gz"
  0:00:00.456  9217M / 9217M INFO   K-mer Splitting          (kmer_data.cpp             : 113)   Total 24991 reads processed
  0:00:00.463     1M / 531M  INFO    General                 (kmer_index_builder.hpp    : 314)   Starting k-mer counting.
  0:00:00.547     1M / 531M  INFO    General                 (kmer_index_builder.hpp    : 325)   K-mer counting done. There are 105236 kmers in total.
  0:00:00.549     1M / 531M  INFO   K-mer Index Building     (kmer_index_builder.hpp    : 460)   Building perfect hash indices
  0:00:00.556     1M / 531M  INFO   K-mer Index Building     (kmer_index_builder.hpp    : 496)   Index built. Total 105236 kmers, 88160 bytes occupied (6.70189 bits per kmer).
  0:00:00.556     1M / 531M  INFO   K-mer Counting           (kmer_data.cpp             : 355)   Arranging kmers in hash map order
  0:00:00.597     2M / 531M  INFO    General                 (main.cpp                  : 149)   Clustering Hamming graph.
  0:00:00.645     2M / 531M  INFO    General                 (main.cpp                  : 156)   Extracting clusters:
  0:00:00.645     2M / 531M  INFO    General                 (concurrent_dsu.cpp        :  19)   Connecting to root
  0:00:00.646     2M / 531M  INFO    General                 (concurrent_dsu.cpp        :  35)   Calculating counts
  0:00:00.650     3M / 531M  INFO    General                 (concurrent_dsu.cpp        :  64)   Writing down entries
  0:00:00.669     2M / 531M  INFO    General                 (main.cpp                  : 168)   Clustering done. Total clusters: 34880
  0:00:00.669     2M / 531M  INFO   K-mer Counting           (kmer_data.cpp             : 372)   Collecting K-mer information, this takes a while.
  0:00:00.669     4M / 531M  INFO   K-mer Counting           (kmer_data.cpp             : 378)   Processing "/projects/wintherpedersen/people/bfj994/keelime/data/PB500kHigh_fin_25000.fq.gz"
  0:00:00.720     4M / 531M  INFO   K-mer Counting           (kmer_data.cpp             : 385)   Collection done, postprocessing.
  0:00:00.721     4M / 531M  INFO   K-mer Counting           (kmer_data.cpp             : 398)   There are 105236 kmers in total. Among them 54910 (52.178%) are singletons.
  0:00:00.721     4M / 531M  INFO    General                 (main.cpp                  : 174)   Subclustering Hamming graph
  0:00:00.744     4M / 531M  INFO   Hamming Subclustering    (kmer_cluster.cpp          : 637)   Subclustering done. Total 0 non-read kmers were generated.
  0:00:00.744     4M / 531M  INFO   Hamming Subclustering    (kmer_cluster.cpp          : 638)   Subclustering statistics:
  0:00:00.744     4M / 531M  INFO   Hamming Subclustering    (kmer_cluster.cpp          : 639)     Total singleton hamming clusters: 5620. Among them 3750 (66.726%) are good
  0:00:00.744     4M / 531M  INFO   Hamming Subclustering    (kmer_cluster.cpp          : 640)     Total singleton subclusters: 8. Among them 8 (100%) are good
  0:00:00.744     4M / 531M  INFO   Hamming Subclustering    (kmer_cluster.cpp          : 641)     Total non-singleton subcluster centers: 29404. Among them 29075 (98.8811%) are good
  0:00:00.744     4M / 531M  INFO   Hamming Subclustering    (kmer_cluster.cpp          : 642)     Average size of non-trivial subcluster: 3.38784 kmers
  0:00:00.744     4M / 531M  INFO   Hamming Subclustering    (kmer_cluster.cpp          : 643)     Average number of sub-clusters per non-singleton cluster: 1.00519
  0:00:00.744     4M / 531M  INFO   Hamming Subclustering    (kmer_cluster.cpp          : 644)     Total solid k-mers: 32833
  0:00:00.744     4M / 531M  INFO   Hamming Subclustering    (kmer_cluster.cpp          : 645)     Substitution probabilities: (     0.997287    0.0010559  0.000879512   0.00077803 )
(  0.000603144     0.888666  0.000615516     0.110115 )
(      0.11004  0.000615581     0.888753  0.000590834 )
(  0.000778078  0.000855403   0.00105596     0.997311 )
  0:00:00.746     4M / 531M  INFO    General                 (main.cpp                  : 179)   Finished clustering.
  0:00:00.746     4M / 531M  INFO    General                 (main.cpp                  : 198)   Starting solid k-mers expansion in 16 threads.
  0:00:00.795     4M / 531M  INFO    General                 (main.cpp                  : 219)   Solid k-mers iteration 0 produced 184 new k-mers.
  0:00:00.846     4M / 531M  INFO    General                 (main.cpp                  : 219)   Solid k-mers iteration 1 produced 0 new k-mers.
  0:00:00.846     4M / 531M  INFO    General                 (main.cpp                  : 223)   Solid k-mers finalized
  0:00:00.846     4M / 531M  INFO    General                 (hammer_tools.cpp          : 226)   Starting read correction in 16 threads.
  0:00:00.846     4M / 531M  INFO    General                 (hammer_tools.cpp          : 270)   Correcting single reads: "/projects/wintherpedersen/people/bfj994/keelime/data/PB500kHigh_fin_25000.fq.gz"
  0:00:00.959   181M / 531M  INFO    General                 (hammer_tools.cpp          : 131)   Prepared batch 0 of 24991 reads.
  0:00:00.982   183M / 531M  INFO    General                 (hammer_tools.cpp          : 136)   Processed batch 0
  0:00:00.999   183M / 531M  INFO    General                 (hammer_tools.cpp          : 140)   Written batch 0
  0:00:01.091     4M / 531M  INFO    General                 (hammer_tools.cpp          : 280)   Correction done. Changed 1546 bases in 1514 reads.
  0:00:01.092     4M / 531M  INFO    General                 (hammer_tools.cpp          : 281)   Failed to correct 0 bases out of 1086001.
  0:00:01.092     1M / 531M  INFO    General                 (main.cpp                  : 256)   Saving corrected dataset description to /maps/projects/wintherpedersen/people/bfj994/keelime/sim/PB500kHigh_fin_25000_spades/corrected/corrected.yaml
  0:00:01.153     1M / 531M  INFO    General                 (main.cpp                  : 263)   All done. Exiting.

===== Read error correction finished. 


===== corrected reads compression started. 


== Running: /home/bfj994/miniconda3/envs/denovo/bin/python3 /home/bfj994/miniconda3/envs/denovo/share/spades/spades_pipeline/scripts/compress_all.py --input_file /maps/projects/wintherpedersen/people/bfj994/keelime/sim/PB500kHigh_fin_25000_spades/corrected/corrected.yaml --ext_python_modules_home /home/bfj994/miniconda3/envs/denovo/share/spades --max_threads 16 --output_dir /maps/projects/wintherpedersen/people/bfj994/keelime/sim/PB500kHigh_fin_25000_spades/corrected --gzip_output

== Compressing corrected reads (with pigz)
== Files to compress: ['/maps/projects/wintherpedersen/people/bfj994/keelime/sim/PB500kHigh_fin_25000_spades/corrected/PB500kHigh_fin_25000.fq00.0_0.cor.fastq']
== Files compression is finished
== Dataset yaml file is updated

===== corrected reads compression finished. 


===== Read error correction finished. 


===== Assembling started. 


===== K21 started. 


== Running: /home/bfj994/miniconda3/envs/denovo/bin/spades-core /maps/projects/wintherpedersen/people/bfj994/keelime/sim/PB500kHigh_fin_25000_spades/K21/configs/config.info

  0:00:00.000     1M / 19M   INFO    General                 (main.cpp                  :  94)   Loaded config from "/maps/projects/wintherpedersen/people/bfj994/keelime/sim/PB500kHigh_fin_25000_spades/K21/configs/config.info"
  0:00:00.001     1M / 19M   INFO    General                 (memory_limit.cpp          :  55)   Memory limit set to 250 Gb
  0:00:00.002     1M / 19M   INFO    General                 (main.cpp                  : 102)   Starting SPAdes, built from N/A, git revision N/A
  0:00:00.002     1M / 19M   INFO    General                 (main.cpp                  : 103)   Maximum k-mer length: 128
  0:00:00.002     1M / 19M   INFO    General                 (main.cpp                  : 104)   Assembling dataset ("/maps/projects/wintherpedersen/people/bfj994/keelime/sim/PB500kHigh_fin_25000_spades/dataset.info") with K=21
  0:00:00.002     1M / 19M   INFO    General                 (main.cpp                  : 105)   Maximum # of threads to use (adjusted due to OMP capabilities): 16
  0:00:00.002     1M / 19M   INFO    General                 (pipeline.cpp              : 221)   SPAdes started
  0:00:00.002     1M / 19M   INFO    General                 (pipeline.cpp              : 234)   Starting from stage: read_conversion
  0:00:00.002     1M / 19M   INFO    General                 (pipeline.cpp              : 245)   Two-step repeat resolution disabled
  0:00:00.002     1M / 19M   INFO   GraphCore                (graph_core.hpp            : 689)   Graph created, vertex min_id: 3, edge min_id: 3
  0:00:00.002     1M / 19M   INFO   GraphCore                (graph_core.hpp            : 690)   Vertex size: 48, edge size: 40
  0:00:00.002     1M / 19M   INFO    General                 (edge_index.hpp            : 132)   Size of edge index entries: 12/8
  0:00:00.002     1M / 19M   INFO    General                 (pipeline.cpp              : 256)   Will need read mapping, kmer mapper will be attached
  0:00:00.002     1M / 19M   INFO   StageManager             (stage.cpp                 : 212)   STAGE == Binary Read Conversion (id: read_conversion)
  0:00:00.008     1M / 19M   INFO    General                 (read_converter.cpp        :  78)   Converting reads to binary format for library #0 (takes a while)
  0:00:00.008     1M / 19M   INFO    General                 (read_converter.cpp        :  99)   Converting paired reads
  0:00:00.020    29M / 38M   INFO    General                 (binary_converter.cpp      : 143)   0 reads written
  0:00:00.021     1M / 38M   INFO    General                 (read_converter.cpp        : 113)   Converting single reads
  0:00:00.085    40M / 51M   INFO    General                 (binary_converter.cpp      : 127)   16384 reads processed
  0:00:00.111    40M / 51M   INFO    General                 (binary_converter.cpp      : 143)   23816 reads written
  0:00:00.113    26M / 51M   INFO    General                 (read_converter.cpp        : 119)   Converting merged reads
  0:00:00.118    39M / 51M   INFO    General                 (binary_converter.cpp      : 143)   0 reads written
  0:00:00.157     1M / 52M   INFO   StageManager             (stage.cpp                 : 212)   STAGE == de Bruijn graph construction (id: construction)
  0:00:00.172     1M / 52M   INFO    General                 (construction.cpp          : 150)   Max read length 168
  0:00:00.172     1M / 52M   INFO    General                 (construction.cpp          : 156)   Average read length 44.9963
  0:00:00.172     1M / 52M   INFO    General                 (stage.cpp                 : 121)   PROCEDURE == k+1-mer counting (id: construction:kpomer_counting)
  0:00:00.172     1M / 52M   INFO    General                 (kmer_index_builder.hpp    : 308)   Splitting kmer instances into 160 files using 16 threads. This might take a while.
  0:00:00.393     1M / 52M   INFO    General                 (file_limit.hpp            :  43)   Open file limit set to 1024
  0:00:00.393     1M / 52M   INFO    General                 (kmer_splitter.hpp         :  96)   Memory available for splitting buffers: 5.20833 Gb
  0:00:00.393     1M / 52M   INFO    General                 (kmer_splitter.hpp         : 104)   Using cell size of 419430
  0:00:03.090  9601M / 9601M INFO    General                 (kmer_splitters.hpp        : 128)   Processed 47632 reads
  0:00:03.094     1M / 5195M INFO    General                 (kmer_splitters.hpp        : 134)   Used 47632 reads
  0:00:03.101     1M / 5195M INFO    General                 (kmer_index_builder.hpp    : 314)   Starting k-mer counting.
  0:00:04.124     1M / 5195M INFO    General                 (kmer_index_builder.hpp    : 325)   K-mer counting done. There are 33218 kmers in total.
  0:00:04.124     1M / 5195M INFO    General                 (stage.cpp                 : 121)   PROCEDURE == Extension index construction (id: construction:extension_index_construction)
  0:00:04.183     1M / 5195M INFO   K-mer Index Building     (kmer_index_builder.hpp    : 503)   Building kmer index
  0:00:04.183     1M / 5195M INFO    General                 (kmer_index_builder.hpp    : 308)   Splitting kmer instances into 160 files using 16 threads. This might take a while.
  0:00:04.424     2M / 5195M INFO    General                 (file_limit.hpp            :  43)   Open file limit set to 1024
  0:00:04.424     2M / 5195M INFO    General                 (kmer_splitter.hpp         :  96)   Memory available for splitting buffers: 5.20831 Gb
  0:00:04.424     2M / 5195M INFO    General                 (kmer_splitter.hpp         : 104)   Using cell size of 419430
  0:00:07.149  9602M / 9602M INFO    General                 (kmer_splitters.hpp        : 197)   Processed 33218 kmers
  0:00:07.149  9602M / 9602M INFO    General                 (kmer_splitters.hpp        : 202)   Used 33218 kmers.
  0:00:07.152     2M / 5225M INFO    General                 (kmer_index_builder.hpp    : 314)   Starting k-mer counting.
  0:00:08.672     2M / 5225M INFO    General                 (kmer_index_builder.hpp    : 325)   K-mer counting done. There are 33198 kmers in total.
  0:00:08.673     2M / 5225M INFO   K-mer Index Building     (kmer_index_builder.hpp    : 460)   Building perfect hash indices
  0:00:08.713     2M / 5225M INFO   K-mer Index Building     (kmer_index_builder.hpp    : 496)   Index built. Total 33198 kmers, 148048 bytes occupied (35.6764 bits per kmer).
  0:00:08.713     2M / 5225M INFO    General                 (kmer_index_builder.hpp    : 191)   Merging final buckets.
  0:00:09.355     2M / 5225M INFO   DeBruijnExtensionIndexBu (kmer_extension_index_build: 101)   Building k-mer extensions from k+1-mers
  0:00:09.365     2M / 5225M INFO   DeBruijnExtensionIndexBu (kmer_extension_index_build: 106)   Building k-mer extensions from k+1-mers finished.
  0:00:09.368     2M / 5225M INFO    General                 (stage.cpp                 : 121)   PROCEDURE == Condensing graph (id: construction:graph_condensing)
  0:00:09.369     2M / 5225M INFO   UnbranchingPathExtractor (debruijn_graph_constructor: 324)   Extracting unbranching paths
  0:00:09.375     2M / 5225M INFO   UnbranchingPathExtractor (debruijn_graph_constructor: 348)   Extracting unbranching paths finished. 9970 sequences extracted
  0:00:09.377     2M / 5225M INFO   UnbranchingPathExtractor (debruijn_graph_constructor: 362)   Collecting perfect loops
  0:00:09.379     2M / 5225M INFO   UnbranchingPathExtractor (debruijn_graph_constructor: 395)   Collecting perfect loops finished. 0 loops collected
  0:00:09.379     2M / 5225M INFO   DeBruijnGraphConstructor (debruijn_graph_constructor: 593)   Sorting edges...
  0:00:09.380     2M / 5225M INFO   DeBruijnGraphConstructor (debruijn_graph_constructor: 598)   Edges sorted
  0:00:09.380     2M / 5225M INFO    General                 (debruijn_graph_constructor: 511)   Total 19940 edges to create
  0:00:09.380     3M / 5225M INFO    General                 (debruijn_graph_constructor: 514)   Collecting link records
  0:00:09.397     3M / 5225M INFO    General                 (debruijn_graph_constructor: 519)   Ordering link records
  0:00:09.397     3M / 5225M INFO    General                 (debruijn_graph_constructor: 525)   Sorting done
  0:00:09.398     3M / 5225M INFO    General                 (debruijn_graph_constructor: 538)   Sorting LinkRecords...
  0:00:09.398     3M / 5225M INFO    General                 (debruijn_graph_constructor: 544)   LinkRecords sorted
  0:00:09.398     3M / 5225M INFO    General                 (debruijn_graph_constructor: 546)   Total 9950 vertices to create
  0:00:09.398     4M / 5225M INFO    General                 (debruijn_graph_constructor: 549)   Connecting the graph
  0:00:09.416     4M / 5225M INFO    General                 (stage.cpp                 : 121)   PROCEDURE == Filling coverage indices (PHM) (id: construction:coverage_filling_phm)
  0:00:09.416     4M / 5225M INFO   K-mer Index Building     (kmer_index_builder.hpp    : 460)   Building perfect hash indices
  0:00:09.448     4M / 5225M INFO   K-mer Index Building     (kmer_index_builder.hpp    : 496)   Index built. Total 33218 kmers, 148096 bytes occupied (35.6664 bits per kmer).
  0:00:09.450     4M / 5225M INFO    General                 (coverage_hash_map_builder.:  49)   Collecting k-mer coverage information from reads, this takes a while.
  0:00:09.463     4M / 5225M INFO    General                 (construction.cpp          : 400)   Filling coverage and flanking coverage from PHM
  0:00:09.465     4M / 5225M INFO    General                 (coverage_filling.hpp      :  83)   Processed 19940 edges
  0:00:10.022     3M / 5225M INFO   StageManager             (stage.cpp                 : 212)   STAGE == EC Threshold Finding (id: ec_threshold_finder)
  0:00:10.022     3M / 5225M INFO    General                 (kmer_coverage_model.cpp   : 182)   Kmer coverage valley at: 8
  0:00:10.022     3M / 5225M INFO    General                 (kmer_coverage_model.cpp   : 202)   K-mer histogram maximum: 30
  0:00:10.022     3M / 5225M INFO    General                 (kmer_coverage_model.cpp   : 238)   Estimated median coverage: 32. Coverage mad: 7.413
  0:00:10.022     3M / 5225M INFO    General                 (kmer_coverage_model.cpp   : 260)   Fitting coverage model
  0:00:10.054     3M / 5225M INFO    General                 (kmer_coverage_model.cpp   : 296)   ... iteration 2
  0:00:10.098     3M / 5225M INFO    General                 (kmer_coverage_model.cpp   : 296)   ... iteration 4
  0:00:10.236     3M / 5225M INFO    General                 (kmer_coverage_model.cpp   : 296)   ... iteration 8
  0:00:10.417     3M / 5225M INFO    General                 (kmer_coverage_model.cpp   : 310)   Fitted mean coverage: 32.2133. Fitted coverage std. dev: 5.85443
  0:00:10.419     3M / 5225M INFO    General                 (kmer_coverage_model.cpp   : 335)   Probability of erroneous kmer at valley: 0.805432
  0:00:10.419     3M / 5225M INFO    General                 (kmer_coverage_model.cpp   : 359)   Preliminary threshold calculated as: 12
  0:00:10.419     3M / 5225M INFO    General                 (kmer_coverage_model.cpp   : 363)   Threshold adjusted to: 12
  0:00:10.419     3M / 5225M INFO    General                 (kmer_coverage_model.cpp   : 376)   Estimated genome size (ignoring repeats): 16541
  0:00:10.420     3M / 5225M INFO    General                 (genomic_info_filler.cpp   :  56)   Mean coverage was calculated as 32.2133
  0:00:10.420     3M / 5225M INFO    General                 (genomic_info_filler.cpp   :  71)   EC coverage threshold value was calculated as 12
  0:00:10.420     3M / 5225M INFO    General                 (genomic_info_filler.cpp   :  72)   Trusted kmer low bound: 0
  0:00:10.420     3M / 5225M INFO   StageManager             (stage.cpp                 : 212)   STAGE == Gap Closer (id: early_gapcloser)
  0:00:10.420     3M / 5225M INFO    General                 (gap_closer.cpp            : 484)   No paired-end libraries exist, skipping gap closer
  0:00:10.420     3M / 5225M INFO   StageManager             (stage.cpp                 : 212)   STAGE == Raw Simplification (id: raw_simplification)
  0:00:10.420     3M / 5225M INFO    General                 (simplification.cpp        : 129)   PROCEDURE == Initial cleaning
  0:00:10.420     3M / 5225M INFO    General                 (graph_simplification.hpp  : 674)   Flanking coverage based disconnection disabled
  0:00:10.420     3M / 5225M INFO   Simplification           (parallel_processing.hpp   : 168)   Running Self conjugate edge remover
  0:00:10.420     3M / 5225M INFO   Simplification           (parallel_processing.hpp   : 171)   Self conjugate edge remover triggered 0 times
  0:00:10.421     3M / 5225M INFO   Simplification           (parallel_processing.hpp   : 168)   Running Initial tip clipper
  0:00:10.441     3M / 5225M INFO   Simplification           (parallel_processing.hpp   : 171)   Initial tip clipper triggered 5131 times
  0:00:10.441     3M / 5225M INFO   Simplification           (parallel_processing.hpp   : 168)   Running Initial ec remover
  0:00:10.442     3M / 5225M INFO   Simplification           (parallel_processing.hpp   : 171)   Initial ec remover triggered 12 times
  0:00:10.442     3M / 5225M INFO   Simplification           (parallel_processing.hpp   : 168)   Running Initial isolated edge remover
  0:00:10.443     3M / 5225M INFO   Simplification           (parallel_processing.hpp   : 171)   Initial isolated edge remover triggered 0 times
  0:00:10.443     2M / 5225M INFO   StageManager             (stage.cpp                 : 212)   STAGE == Simplification (id: simplification)
  0:00:10.443     2M / 5225M INFO    General                 (simplification.cpp        : 397)   Graph simplification started
  0:00:10.443     2M / 5225M INFO    General                 (graph_simplification.hpp  : 646)   Creating parallel br instance
  0:00:10.443     2M / 5225M INFO    General                 (simplification.cpp        : 402)   PROCEDURE == Simplification cycle, iteration 1
  0:00:10.443     2M / 5225M INFO   Simplification           (parallel_processing.hpp   : 168)   Running Tip clipper
  0:00:10.443     2M / 5225M INFO   Simplification           (parallel_processing.hpp   : 171)   Tip clipper triggered 2 times
  0:00:10.443     2M / 5225M INFO   Simplification           (parallel_processing.hpp   : 168)   Running Bulge remover
  0:00:10.443     2M / 5225M INFO   Simplification           (parallel_processing.hpp   : 171)   Bulge remover triggered 2 times
  0:00:10.443     2M / 5225M INFO   Simplification           (parallel_processing.hpp   : 168)   Running Low coverage edge remover
  0:00:10.444     2M / 5225M INFO   Simplification           (parallel_processing.hpp   : 171)   Low coverage edge remover triggered 0 times
  0:00:10.444     2M / 5225M INFO    General                 (simplification.cpp        : 402)   PROCEDURE == Simplification cycle, iteration 2
  0:00:10.444     2M / 5225M INFO   Simplification           (parallel_processing.hpp   : 168)   Running Tip clipper
  0:00:10.444     2M / 5225M INFO   Simplification           (parallel_processing.hpp   : 171)   Tip clipper triggered 0 times
  0:00:10.444     2M / 5225M INFO   Simplification           (parallel_processing.hpp   : 168)   Running Bulge remover
  0:00:10.444     2M / 5225M INFO   Simplification           (parallel_processing.hpp   : 171)   Bulge remover triggered 0 times
  0:00:10.444     2M / 5225M INFO   Simplification           (parallel_processing.hpp   : 168)   Running Low coverage edge remover
  0:00:10.444     2M / 5225M INFO   Simplification           (parallel_processing.hpp   : 171)   Low coverage edge remover triggered 0 times
  0:00:10.444     2M / 5225M INFO    General                 (simplification.cpp        : 402)   PROCEDURE == Simplification cycle, iteration 3
  0:00:10.444     2M / 5225M INFO   Simplification           (parallel_processing.hpp   : 168)   Running Tip clipper
  0:00:10.444     2M / 5225M INFO   Simplification           (parallel_processing.hpp   : 171)   Tip clipper triggered 0 times
  0:00:10.444     2M / 5225M INFO   Simplification           (parallel_processing.hpp   : 168)   Running Bulge remover
  0:00:10.444     2M / 5225M INFO   Simplification           (parallel_processing.hpp   : 171)   Bulge remover triggered 0 times
  0:00:10.444     2M / 5225M INFO   Simplification           (parallel_processing.hpp   : 168)   Running Low coverage edge remover
  0:00:10.444     2M / 5225M INFO   Simplification           (parallel_processing.hpp   : 171)   Low coverage edge remover triggered 0 times
  0:00:10.444     2M / 5225M INFO    General                 (simplification.cpp        : 402)   PROCEDURE == Simplification cycle, iteration 4
  0:00:10.444     2M / 5225M INFO   Simplification           (parallel_processing.hpp   : 168)   Running Tip clipper
  0:00:10.445     2M / 5225M INFO   Simplification           (parallel_processing.hpp   : 171)   Tip clipper triggered 0 times
  0:00:10.445     2M / 5225M INFO   Simplification           (parallel_processing.hpp   : 168)   Running Bulge remover
  0:00:10.445     2M / 5225M INFO   Simplification           (parallel_processing.hpp   : 171)   Bulge remover triggered 0 times
  0:00:10.445     2M / 5225M INFO   Simplification           (parallel_processing.hpp   : 168)   Running Low coverage edge remover
  0:00:10.445     2M / 5225M INFO   Simplification           (parallel_processing.hpp   : 171)   Low coverage edge remover triggered 0 times
  0:00:10.445     2M / 5225M INFO    General                 (simplification.cpp        : 402)   PROCEDURE == Simplification cycle, iteration 5
  0:00:10.445     2M / 5225M INFO   Simplification           (parallel_processing.hpp   : 168)   Running Tip clipper
  0:00:10.445     2M / 5225M INFO   Simplification           (parallel_processing.hpp   : 171)   Tip clipper triggered 0 times
  0:00:10.445     2M / 5225M INFO   Simplification           (parallel_processing.hpp   : 168)   Running Bulge remover
  0:00:10.445     2M / 5225M INFO   Simplification           (parallel_processing.hpp   : 171)   Bulge remover triggered 0 times
  0:00:10.445     2M / 5225M INFO   Simplification           (parallel_processing.hpp   : 168)   Running Low coverage edge remover
  0:00:10.445     2M / 5225M INFO   Simplification           (parallel_processing.hpp   : 171)   Low coverage edge remover triggered 0 times
  0:00:10.445     2M / 5225M INFO    General                 (simplification.cpp        : 402)   PROCEDURE == Simplification cycle, iteration 6
  0:00:10.445     2M / 5225M INFO   Simplification           (parallel_processing.hpp   : 168)   Running Tip clipper
  0:00:10.445     2M / 5225M INFO   Simplification           (parallel_processing.hpp   : 171)   Tip clipper triggered 0 times
  0:00:10.445     2M / 5225M INFO   Simplification           (parallel_processing.hpp   : 168)   Running Bulge remover
  0:00:10.445     2M / 5225M INFO   Simplification           (parallel_processing.hpp   : 171)   Bulge remover triggered 0 times
  0:00:10.445     2M / 5225M INFO   Simplification           (parallel_processing.hpp   : 168)   Running Low coverage edge remover
  0:00:10.445     2M / 5225M INFO   Simplification           (parallel_processing.hpp   : 171)   Low coverage edge remover triggered 0 times
  0:00:10.445     2M / 5225M INFO    General                 (simplification.cpp        : 402)   PROCEDURE == Simplification cycle, iteration 7
  0:00:10.445     2M / 5225M INFO   Simplification           (parallel_processing.hpp   : 168)   Running Tip clipper
  0:00:10.445     2M / 5225M INFO   Simplification           (parallel_processing.hpp   : 171)   Tip clipper triggered 0 times
  0:00:10.445     2M / 5225M INFO   Simplification           (parallel_processing.hpp   : 168)   Running Bulge remover
  0:00:10.445     2M / 5225M INFO   Simplification           (parallel_processing.hpp   : 171)   Bulge remover triggered 0 times
  0:00:10.445     2M / 5225M INFO   Simplification           (parallel_processing.hpp   : 168)   Running Low coverage edge remover
  0:00:10.445     2M / 5225M INFO   Simplification           (parallel_processing.hpp   : 171)   Low coverage edge remover triggered 0 times
  0:00:10.445     2M / 5225M INFO    General                 (simplification.cpp        : 402)   PROCEDURE == Simplification cycle, iteration 8
  0:00:10.445     2M / 5225M INFO   Simplification           (parallel_processing.hpp   : 168)   Running Tip clipper
  0:00:10.445     2M / 5225M INFO   Simplification           (parallel_processing.hpp   : 171)   Tip clipper triggered 0 times
  0:00:10.445     2M / 5225M INFO   Simplification           (parallel_processing.hpp   : 168)   Running Bulge remover
  0:00:10.445     2M / 5225M INFO   Simplification           (parallel_processing.hpp   : 171)   Bulge remover triggered 0 times
  0:00:10.445     2M / 5225M INFO   Simplification           (parallel_processing.hpp   : 168)   Running Low coverage edge remover
  0:00:10.445     2M / 5225M INFO   Simplification           (parallel_processing.hpp   : 171)   Low coverage edge remover triggered 0 times
  0:00:10.445     2M / 5225M INFO    General                 (simplification.cpp        : 402)   PROCEDURE == Simplification cycle, iteration 9
  0:00:10.445     2M / 5225M INFO   Simplification           (parallel_processing.hpp   : 168)   Running Tip clipper
  0:00:10.445     2M / 5225M INFO   Simplification           (parallel_processing.hpp   : 171)   Tip clipper triggered 0 times
  0:00:10.446     2M / 5225M INFO   Simplification           (parallel_processing.hpp   : 168)   Running Bulge remover
  0:00:10.446     2M / 5225M INFO   Simplification           (parallel_processing.hpp   : 171)   Bulge remover triggered 0 times
  0:00:10.446     2M / 5225M INFO   Simplification           (parallel_processing.hpp   : 168)   Running Low coverage edge remover
  0:00:10.446     2M / 5225M INFO   Simplification           (parallel_processing.hpp   : 171)   Low coverage edge remover triggered 0 times
  0:00:10.446     2M / 5225M INFO    General                 (simplification.cpp        : 402)   PROCEDURE == Simplification cycle, iteration 10
  0:00:10.446     2M / 5225M INFO   Simplification           (parallel_processing.hpp   : 168)   Running Tip clipper
  0:00:10.446     2M / 5225M INFO   Simplification           (parallel_processing.hpp   : 171)   Tip clipper triggered 0 times
  0:00:10.446     2M / 5225M INFO   Simplification           (parallel_processing.hpp   : 168)   Running Bulge remover
  0:00:10.446     2M / 5225M INFO   Simplification           (parallel_processing.hpp   : 171)   Bulge remover triggered 0 times
  0:00:10.446     2M / 5225M INFO   Simplification           (parallel_processing.hpp   : 168)   Running Low coverage edge remover
  0:00:10.446     2M / 5225M INFO   Simplification           (parallel_processing.hpp   : 171)   Low coverage edge remover triggered 1 times
  0:00:10.446     2M / 5225M INFO    General                 (simplification.cpp        : 402)   PROCEDURE == Simplification cycle, iteration 11
  0:00:10.446     2M / 5225M INFO   Simplification           (parallel_processing.hpp   : 168)   Running Tip clipper
  0:00:10.446     2M / 5225M INFO   Simplification           (parallel_processing.hpp   : 171)   Tip clipper triggered 0 times
  0:00:10.446     2M / 5225M INFO   Simplification           (parallel_processing.hpp   : 168)   Running Bulge remover
  0:00:10.447     2M / 5225M INFO   Simplification           (parallel_processing.hpp   : 171)   Bulge remover triggered 0 times
  0:00:10.447     2M / 5225M INFO   Simplification           (parallel_processing.hpp   : 168)   Running Low coverage edge remover
  0:00:10.447     2M / 5225M INFO   Simplification           (parallel_processing.hpp   : 171)   Low coverage edge remover triggered 0 times
  0:00:10.447     2M / 5225M INFO   StageManager             (stage.cpp                 : 212)   STAGE == Gap Closer (id: late_gapcloser)
  0:00:10.447     2M / 5225M INFO    General                 (gap_closer.cpp            : 484)   No paired-end libraries exist, skipping gap closer
  0:00:10.447     2M / 5225M INFO   StageManager             (stage.cpp                 : 212)   STAGE == Simplification Cleanup (id: simplification_cleanup)
  0:00:10.447     2M / 5225M INFO    General                 (simplification.cpp        : 189)   PROCEDURE == Post simplification
  0:00:10.447     2M / 5225M INFO    General                 (graph_simplification.hpp  : 455)   Disconnection of relatively low covered edges disabled
  0:00:10.447     2M / 5225M INFO    General                 (graph_simplification.hpp  : 494)   Complex tip clipping disabled
  0:00:10.447     2M / 5225M INFO    General                 (graph_simplification.hpp  : 646)   Creating parallel br instance
  0:00:10.447     2M / 5225M INFO   Simplification           (parallel_processing.hpp   : 168)   Running Tip clipper
  0:00:10.447     2M / 5225M INFO   Simplification           (parallel_processing.hpp   : 171)   Tip clipper triggered 0 times
  0:00:10.447     2M / 5225M INFO   Simplification           (parallel_processing.hpp   : 168)   Running Bulge remover
  0:00:10.448     2M / 5225M INFO   Simplification           (parallel_processing.hpp   : 171)   Bulge remover triggered 0 times
  0:00:10.448     2M / 5225M INFO   Simplification           (parallel_processing.hpp   : 168)   Running Tip clipper
  0:00:10.448     2M / 5225M INFO   Simplification           (parallel_processing.hpp   : 171)   Tip clipper triggered 0 times
  0:00:10.448     2M / 5225M INFO   Simplification           (parallel_processing.hpp   : 168)   Running Bulge remover
  0:00:10.448     2M / 5225M INFO   Simplification           (parallel_processing.hpp   : 171)   Bulge remover triggered 0 times
  0:00:10.448     2M / 5225M INFO    General                 (simplification.cpp        : 348)   Disrupting self-conjugate edges
  0:00:10.448     2M / 5225M INFO   Simplification           (parallel_processing.hpp   : 168)   Running Removing isolated edges
  0:00:10.449     2M / 5225M INFO   Simplification           (parallel_processing.hpp   : 171)   Removing isolated edges triggered 0 times
  0:00:10.449     2M / 5225M INFO    General                 (simplification.cpp        : 508)   After simplification:
  0:00:10.449     2M / 5225M INFO    General                 (simplification.cpp        : 509)     Average coverage = 32.9969
  0:00:10.449     2M / 5225M INFO    General                 (simplification.cpp        : 510)     Total length = 16592
  0:00:10.449     2M / 5225M INFO    General                 (simplification.cpp        : 511)     Median edge length: 13643
  0:00:10.449     2M / 5225M INFO    General                 (simplification.cpp        : 512)     Edges: 34
  0:00:10.449     2M / 5225M INFO    General                 (simplification.cpp        : 513)     Vertices: 24
  0:00:10.449     2M / 5225M INFO   StageManager             (stage.cpp                 : 212)   STAGE == Mismatch Correction (id: mismatch_correction)
  0:00:10.449     2M / 5225M INFO    General                 (graph_pack_helpers.cpp    :  44)   Index refill
  0:00:10.449     2M / 5225M INFO    General                 (edge_index.hpp            : 175)   Using small index (max_id = 20042)
  0:00:10.450     2M / 5225M INFO   K-mer Index Building     (kmer_index_builder.hpp    : 460)   Building perfect hash indices
  0:00:10.455     2M / 5225M INFO   K-mer Index Building     (kmer_index_builder.hpp    : 496)   Index built. Total 16592 kmers, 12736 bytes occupied (6.14079 bits per kmer).
  0:00:10.455     3M / 5225M INFO    General                 (edge_index_builders.hpp   : 253)   Collecting edge information from graph, this takes a while.
  0:00:10.457     3M / 5225M INFO    General                 (graph_pack_helpers.cpp    :  54)   Normalizing k-mer map. Total 128 kmers to process
  0:00:10.457     3M / 5225M INFO    General                 (kmer_mapper.hpp           :  87)   Total 0 kmers with non-trivial roots
  0:00:10.457     3M / 5225M INFO    General                 (graph_pack_helpers.cpp    :  56)   Normalizing done
  0:00:10.457     3M / 5225M INFO    General                 (mismatch_correction.cpp   : 421)   Collect potential mismatches
  0:00:10.460     3M / 5225M INFO    General                 (mismatch_correction.cpp   : 213)   Total 18 edges (out of 34) with 24 potential mismatch positions (1.33333 positions per edge)
  0:00:10.460     3M / 5225M INFO    General                 (mismatch_correction.cpp   : 423)   Potential mismatches collected
  0:00:10.470     3M / 5225M INFO    General                 (sequence_mapper_notifier.h:  80)   Starting sequence mapping
  0:00:10.491     3M / 5225M INFO    General                 (sequence_mapper_notifier.h: 120)   Total 47632 reads processed
  0:00:10.491     3M / 5225M INFO    General                 (mismatch_correction.cpp   : 416)   All edges processed
  0:00:10.491     3M / 5225M INFO    General                 (mismatch_correction.cpp   : 471)   Corrected 0 nucleotides
  0:00:10.492     3M / 5225M INFO   StageManager             (stage.cpp                 : 212)   STAGE == Contig Output (id: contig_output)
  0:00:10.492     3M / 5225M INFO    General                 (contig_output.hpp         :  20)   Outputting contigs to "/maps/projects/wintherpedersen/people/bfj994/keelime/sim/PB500kHigh_fin_25000_spades/K21/before_rr.fasta"
  0:00:10.498     3M / 5225M INFO    General                 (contig_output_stage.cpp   : 159)   Writing GFA graph to "/maps/projects/wintherpedersen/people/bfj994/keelime/sim/PB500kHigh_fin_25000_spades/K21/assembly_graph_after_simplification.gfa"
  0:00:10.501     3M / 5225M INFO   StageManager             (stage.cpp                 : 212)   STAGE == Paired Information Counting (id: late_pair_info_count)
  0:00:10.501     3M / 5225M INFO    General                 (graph_pack_helpers.cpp    :  54)   Normalizing k-mer map. Total 128 kmers to process
  0:00:10.501     3M / 5225M INFO    General                 (graph_pack_helpers.cpp    :  56)   Normalizing done
  0:00:10.501     3M / 5225M INFO    General                 (pair_info_count.cpp       : 165)   Min edge length for estimation: 13643
  0:00:10.501     3M / 5225M INFO    General                 (pair_info_count.cpp       : 235)   Mapping single reads of library #0
  0:00:10.501     3M / 5225M INFO    General                 (pair_info_count.cpp       :  41)   Selecting usual mapper
  0:00:10.511     3M / 5225M INFO    General                 (sequence_mapper_notifier.h:  80)   Starting sequence mapping
  0:00:10.526     3M / 5225M INFO    General                 (sequence_mapper_notifier.h: 120)   Total 23816 reads processed
  0:00:10.527     3M / 5225M INFO    General                 (pair_info_count.cpp       : 237)   Total paths obtained from single reads: 516
  0:00:10.527     3M / 5225M INFO   StageManager             (stage.cpp                 : 212)   STAGE == Distance Estimation (id: distance_estimation)
  0:00:10.527     3M / 5225M INFO   StageManager             (stage.cpp                 : 212)   STAGE == Repeat Resolving (id: repeat_resolving)
  0:00:10.527     3M / 5225M INFO    General                 (repeat_resolving.cpp      :  88)   Using Path-Extend repeat resolving
  0:00:10.527     3M / 5225M INFO    General                 (launcher.cpp              : 632)   ExSPAnder repeat resolving tool started
  0:00:10.529     3M / 5225M INFO    General                 (coverage_uniformity_analyz:  25)   genomic coverage is 32.2503 calculated of length 16470
  0:00:10.529     3M / 5225M INFO    General                 (launcher.cpp              : 440)   Creating main extenders, unique edge length = 2000
  0:00:10.529     3M / 5225M INFO    General                 (launcher.cpp              : 358)   filling path container
  0:00:10.532     4M / 5225M INFO    General                 (extenders_logic.cpp       :  54)   resolvable_repeat_length_bound set to 10000
  0:00:10.534     4M / 5225M INFO    General                 (extenders_logic.cpp       : 550)   Using 0 paired-end libraries
  0:00:10.534     4M / 5225M INFO    General                 (extenders_logic.cpp       : 551)   Using 0 paired-end scaffolding libraries
  0:00:10.534     4M / 5225M INFO    General                 (extenders_logic.cpp       : 552)   Using 1 single read library
  0:00:10.534     4M / 5225M INFO    General                 (launcher.cpp              : 469)   Total number of extenders is 1
  0:00:10.534     4M / 5225M INFO    General                 (path_extenders.cpp        :  36)   Processed 0 paths from 15 (0%)
  0:00:10.552     4M / 5225M INFO    General                 (path_extenders.cpp        :  36)   Processed 2 paths from 15 (13%)
  0:00:10.552     4M / 5225M INFO    General                 (path_extenders.cpp        :  36)   Processed 4 paths from 15 (26%)
  0:00:10.552     4M / 5225M INFO    General                 (path_extenders.cpp        :  36)   Processed 6 paths from 15 (40%)
  0:00:10.552     4M / 5225M INFO    General                 (path_extenders.cpp        :  36)   Processed 8 paths from 15 (53%)
  0:00:10.552     4M / 5225M INFO    General                 (path_extenders.cpp        :  36)   Processed 10 paths from 15 (66%)
  0:00:10.552     4M / 5225M INFO    General                 (path_extenders.cpp        :  36)   Processed 12 paths from 15 (80%)
  0:00:10.552     4M / 5225M INFO    General                 (path_extenders.cpp        :  36)   Processed 14 paths from 15 (93%)
  0:00:10.552     4M / 5225M INFO    General                 (launcher.cpp              : 260)   Finalizing paths
  0:00:10.552     4M / 5225M INFO    General                 (launcher.cpp              : 262)   Deduplicating paths
  0:00:10.552     4M / 5225M INFO    General                 (launcher.cpp              : 266)   Paths deduplicated
  0:00:10.552     4M / 5225M INFO   PEResolver               (pe_resolver.cpp           :  70)   Removing overlaps
  0:00:10.552     4M / 5225M INFO   PEResolver               (pe_resolver.cpp           :  73)   Sorting paths
  0:00:10.552     4M / 5225M INFO   PEResolver               (pe_resolver.cpp           :  80)   Marking overlaps
  0:00:10.552     4M / 5225M INFO   OverlapRemover           (overlap_remover.hpp       : 120)   Marking start/end overlaps
  0:00:10.552     4M / 5225M INFO   OverlapRemover           (overlap_remover.hpp       : 123)   Marking remaining overlaps
  0:00:10.553     4M / 5225M INFO   PEResolver               (pe_resolver.cpp           :  83)   Splitting paths
  0:00:10.553     4M / 5225M INFO   PEResolver               (pe_resolver.cpp           :  88)   Deduplicating paths
  0:00:10.553     4M / 5225M INFO   PEResolver               (pe_resolver.cpp           :  90)   Overlaps removed
  0:00:10.553     4M / 5225M INFO    General                 (launcher.cpp              : 283)   Paths finalized
  0:00:10.553     4M / 5225M INFO    General                 (launcher.cpp              : 478)   Closing gaps in paths
  0:00:10.553     4M / 5225M INFO    General                 (launcher.cpp              : 508)   Gap closing completed
  0:00:10.553     4M / 5225M INFO    General                 (launcher.cpp              : 316)   Traversing tandem repeats
  0:00:10.553     4M / 5225M INFO    General                 (launcher.cpp              : 326)   Traversed 1 loops
  0:00:10.553     4M / 5225M INFO    General                 (launcher.cpp              : 260)   Finalizing paths
  0:00:10.553     4M / 5225M INFO    General                 (launcher.cpp              : 262)   Deduplicating paths
  0:00:10.553     4M / 5225M INFO    General                 (launcher.cpp              : 266)   Paths deduplicated
  0:00:10.553     4M / 5225M INFO   PEResolver               (pe_resolver.cpp           :  70)   Removing overlaps
  0:00:10.553     4M / 5225M INFO   PEResolver               (pe_resolver.cpp           :  73)   Sorting paths
  0:00:10.553     4M / 5225M INFO   PEResolver               (pe_resolver.cpp           :  80)   Marking overlaps
  0:00:10.553     4M / 5225M INFO   OverlapRemover           (overlap_remover.hpp       : 120)   Marking start/end overlaps
  0:00:10.553     4M / 5225M INFO   OverlapRemover           (overlap_remover.hpp       : 123)   Marking remaining overlaps
  0:00:10.553     4M / 5225M INFO   PEResolver               (pe_resolver.cpp           :  83)   Splitting paths
  0:00:10.553     4M / 5225M INFO   PEResolver               (pe_resolver.cpp           :  88)   Deduplicating paths
  0:00:10.553     4M / 5225M INFO   PEResolver               (pe_resolver.cpp           :  90)   Overlaps removed
  0:00:10.553     4M / 5225M INFO    General                 (launcher.cpp              : 283)   Paths finalized
  0:00:10.553     4M / 5225M INFO    General                 (launcher.cpp              : 697)   ExSPAnder repeat resolving tool finished
  0:00:10.554     3M / 5225M INFO   StageManager             (stage.cpp                 : 212)   STAGE == Contig Output (id: contig_output)
  0:00:10.554     3M / 5225M INFO    General                 (contig_output.hpp         :  20)   Outputting contigs to "/maps/projects/wintherpedersen/people/bfj994/keelime/sim/PB500kHigh_fin_25000_spades/K21/before_rr.fasta"
  0:00:10.559     3M / 5225M INFO    General                 (contig_output_stage.cpp   : 159)   Writing GFA graph to "/maps/projects/wintherpedersen/people/bfj994/keelime/sim/PB500kHigh_fin_25000_spades/K21/assembly_graph_with_scaffolds.gfa"
  0:00:10.559     3M / 5225M INFO    General                 (contig_output_stage.cpp   : 175)   Outputting FastG graph to "/maps/projects/wintherpedersen/people/bfj994/keelime/sim/PB500kHigh_fin_25000_spades/K21/assembly_graph.fastg"
  0:00:10.563     3M / 5225M INFO    General                 (contig_output_stage.cpp   : 210)   Breaking scaffolds
  0:00:10.563     3M / 5225M INFO    General                 (contig_output_stage.cpp   : 101)   Outputting contigs to /maps/projects/wintherpedersen/people/bfj994/keelime/sim/PB500kHigh_fin_25000_spades/K21/final_contigs.fasta
  0:00:10.573     3M / 5225M INFO    General                 (contig_output_stage.cpp   : 107)   Outputting FastG paths to /maps/projects/wintherpedersen/people/bfj994/keelime/sim/PB500kHigh_fin_25000_spades/K21/final_contigs.paths
  0:00:10.576     3M / 5225M INFO    General                 (contig_output_stage.cpp   : 101)   Outputting contigs to /maps/projects/wintherpedersen/people/bfj994/keelime/sim/PB500kHigh_fin_25000_spades/K21/scaffolds.fasta
  0:00:10.579     3M / 5225M INFO    General                 (contig_output_stage.cpp   : 107)   Outputting FastG paths to /maps/projects/wintherpedersen/people/bfj994/keelime/sim/PB500kHigh_fin_25000_spades/K21/scaffolds.paths
  0:00:10.583     3M / 5225M INFO    General                 (contig_output_stage.cpp   : 114)   Populating GFA with scaffold paths
  0:00:10.591     3M / 5225M INFO    General                 (pipeline.cpp              : 303)   SPAdes finished
  0:00:10.591     1M / 5225M INFO    General                 (main.cpp                  : 131)   Assembling time: 0 hours 0 minutes 10 seconds

===== K21 finished. 


===== Copy files started. 


== Running: /home/bfj994/miniconda3/envs/denovo/bin/python3 /home/bfj994/miniconda3/envs/denovo/share/spades/spades_pipeline/scripts/copy_files.py /maps/projects/wintherpedersen/people/bfj994/keelime/sim/PB500kHigh_fin_25000_spades/K21/before_rr.fasta /maps/projects/wintherpedersen/people/bfj994/keelime/sim/PB500kHigh_fin_25000_spades/before_rr.fasta /maps/projects/wintherpedersen/people/bfj994/keelime/sim/PB500kHigh_fin_25000_spades/K21/assembly_graph_after_simplification.gfa /maps/projects/wintherpedersen/people/bfj994/keelime/sim/PB500kHigh_fin_25000_spades/assembly_graph_after_simplification.gfa /maps/projects/wintherpedersen/people/bfj994/keelime/sim/PB500kHigh_fin_25000_spades/K21/final_contigs.fasta /maps/projects/wintherpedersen/people/bfj994/keelime/sim/PB500kHigh_fin_25000_spades/contigs.fasta /maps/projects/wintherpedersen/people/bfj994/keelime/sim/PB500kHigh_fin_25000_spades/K21/first_pe_contigs.fasta /maps/projects/wintherpedersen/people/bfj994/keelime/sim/PB500kHigh_fin_25000_spades/first_pe_contigs.fasta /maps/projects/wintherpedersen/people/bfj994/keelime/sim/PB500kHigh_fin_25000_spades/K21/strain_graph.gfa /maps/projects/wintherpedersen/people/bfj994/keelime/sim/PB500kHigh_fin_25000_spades/strain_graph.gfa /maps/projects/wintherpedersen/people/bfj994/keelime/sim/PB500kHigh_fin_25000_spades/K21/scaffolds.fasta /maps/projects/wintherpedersen/people/bfj994/keelime/sim/PB500kHigh_fin_25000_spades/scaffolds.fasta /maps/projects/wintherpedersen/people/bfj994/keelime/sim/PB500kHigh_fin_25000_spades/K21/scaffolds.paths /maps/projects/wintherpedersen/people/bfj994/keelime/sim/PB500kHigh_fin_25000_spades/scaffolds.paths /maps/projects/wintherpedersen/people/bfj994/keelime/sim/PB500kHigh_fin_25000_spades/K21/assembly_graph_with_scaffolds.gfa /maps/projects/wintherpedersen/people/bfj994/keelime/sim/PB500kHigh_fin_25000_spades/assembly_graph_with_scaffolds.gfa /maps/projects/wintherpedersen/people/bfj994/keelime/sim/PB500kHigh_fin_25000_spades/K21/assembly_graph.fastg /maps/projects/wintherpedersen/people/bfj994/keelime/sim/PB500kHigh_fin_25000_spades/assembly_graph.fastg /maps/projects/wintherpedersen/people/bfj994/keelime/sim/PB500kHigh_fin_25000_spades/K21/final_contigs.paths /maps/projects/wintherpedersen/people/bfj994/keelime/sim/PB500kHigh_fin_25000_spades/contigs.paths


===== Copy files finished. 


===== Assembling finished. 


===== Breaking scaffolds started. 


== Running: /home/bfj994/miniconda3/envs/denovo/bin/python3 /home/bfj994/miniconda3/envs/denovo/share/spades/spades_pipeline/scripts/breaking_scaffolds_script.py --result_scaffolds_filename /maps/projects/wintherpedersen/people/bfj994/keelime/sim/PB500kHigh_fin_25000_spades/scaffolds.fasta --misc_dir /maps/projects/wintherpedersen/people/bfj994/keelime/sim/PB500kHigh_fin_25000_spades/misc --threshold_for_breaking_scaffolds 3


===== Breaking scaffolds finished. 


===== Terminate started. 


===== Terminate finished. 

 * Corrected reads are in /maps/projects/wintherpedersen/people/bfj994/keelime/sim/PB500kHigh_fin_25000_spades/corrected/
 * Assembled contigs are in /maps/projects/wintherpedersen/people/bfj994/keelime/sim/PB500kHigh_fin_25000_spades/contigs.fasta
 * Assembled scaffolds are in /maps/projects/wintherpedersen/people/bfj994/keelime/sim/PB500kHigh_fin_25000_spades/scaffolds.fasta
 * Paths in the assembly graph corresponding to the contigs are in /maps/projects/wintherpedersen/people/bfj994/keelime/sim/PB500kHigh_fin_25000_spades/contigs.paths
 * Paths in the assembly graph corresponding to the scaffolds are in /maps/projects/wintherpedersen/people/bfj994/keelime/sim/PB500kHigh_fin_25000_spades/scaffolds.paths
 * Assembly graph is in /maps/projects/wintherpedersen/people/bfj994/keelime/sim/PB500kHigh_fin_25000_spades/assembly_graph.fastg
 * Assembly graph in GFA format is in /maps/projects/wintherpedersen/people/bfj994/keelime/sim/PB500kHigh_fin_25000_spades/assembly_graph_with_scaffolds.gfa

======= SPAdes pipeline finished.

SPAdes log can be found here: /maps/projects/wintherpedersen/people/bfj994/keelime/sim/PB500kHigh_fin_25000_spades/spades.log

Thank you for using SPAdes! If you use it in your research, please cite:

  Prjibelski, A., Antipov, D., Meleshko, D., Lapidus, A. and Korobeynikov, A., 2020. Using SPAdes de novo assembler. Current protocols in bioinformatics, 70(1), p.e102.
  doi.org/10.1002/cpbi.102

